{"DB_HOST":"localhost","DB_NAME":"comments_db","DB_PORT":"5432","DB_USER":"***","PORT":3008,"level":"info","message":"Environment variables loaded","service":"comments-service","timestamp":"2025-05-25 12:27:58"}
{"level":"info","message":"🚀 Starting Comments Service...","service":"comments-service","timestamp":"2025-05-25 12:27:58"}
{"level":"info","message":"🔄 Connected to the database","service":"comments-service","timestamp":"2025-05-25 12:27:59"}
{"level":"info","message":"🔧 Initializing database...","service":"comments-service","timestamp":"2025-05-25 12:27:59"}
{"level":"info","message":"✅ Created tables","service":"comments-service","timestamp":"2025-05-25 12:27:59"}
{"level":"info","message":"✅ Created indexes","service":"comments-service","timestamp":"2025-05-25 12:27:59"}
{"level":"info","message":"🎉 Database initialized successfully","service":"comments-service","timestamp":"2025-05-25 12:27:59"}
{"level":"info","message":"🚀 Server is running on port 3008","service":"comments-service","timestamp":"2025-05-25 12:27:59"}
{"level":"info","message":"🛑 Closing database pool...","service":"comments-service","timestamp":"2025-05-25 13:46:20"}
{"DB_HOST":"localhost","DB_NAME":"comments_db","DB_PORT":"5432","DB_USER":"***","PORT":3008,"level":"info","message":"Environment variables loaded","service":"comments-service","timestamp":"2025-05-25 13:46:25"}
{"level":"info","message":"🚀 Starting Comments Service...","service":"comments-service","timestamp":"2025-05-25 13:46:25"}
{"level":"info","message":"🔄 Connected to the database","service":"comments-service","timestamp":"2025-05-25 13:46:26"}
{"level":"info","message":"🔧 Initializing database...","service":"comments-service","timestamp":"2025-05-25 13:46:26"}
{"level":"info","message":"✅ Created tables","service":"comments-service","timestamp":"2025-05-25 13:46:26"}
{"level":"info","message":"✅ Created indexes","service":"comments-service","timestamp":"2025-05-25 13:46:26"}
{"level":"info","message":"🎉 Database initialized successfully","service":"comments-service","timestamp":"2025-05-25 13:46:26"}
{"level":"info","message":"🚀 Server is running on port 3008","service":"comments-service","timestamp":"2025-05-25 13:46:26"}
{"DB_HOST":"localhost","DB_NAME":"comments_db","DB_PORT":"5432","DB_USER":"***","PORT":3008,"level":"info","message":"Environment variables loaded","service":"comments-service","timestamp":"2025-05-25 14:18:26"}
{"level":"info","message":"🚀 Starting Comments Service...","service":"comments-service","timestamp":"2025-05-25 14:18:26"}
{"level":"info","message":"🔄 Connected to the database","service":"comments-service","timestamp":"2025-05-25 14:18:26"}
{"level":"info","message":"🔧 Initializing database...","service":"comments-service","timestamp":"2025-05-25 14:18:26"}
{"level":"info","message":"✅ Created tables","service":"comments-service","timestamp":"2025-05-25 14:18:26"}
{"level":"info","message":"✅ Created indexes","service":"comments-service","timestamp":"2025-05-25 14:18:26"}
{"level":"info","message":"🎉 Database initialized successfully","service":"comments-service","timestamp":"2025-05-25 14:18:26"}
{"level":"info","message":"🚀 Server is running on port 3008","service":"comments-service","timestamp":"2025-05-25 14:18:26"}
{"level":"info","message":"🛑 Closing database pool...","service":"comments-service","timestamp":"2025-05-25 14:22:26"}
{"DB_HOST":"localhost","DB_NAME":"comments_db","DB_PORT":"5432","DB_USER":"***","PORT":3008,"level":"info","message":"Environment variables loaded","service":"comments-service","timestamp":"2025-05-25 14:22:30"}
{"level":"info","message":"🚀 Starting Comments Service...","service":"comments-service","timestamp":"2025-05-25 14:22:30"}
{"level":"info","message":"🔄 Connected to the database","service":"comments-service","timestamp":"2025-05-25 14:22:30"}
{"level":"info","message":"🔧 Initializing database...","service":"comments-service","timestamp":"2025-05-25 14:22:30"}
{"level":"info","message":"✅ Created tables","service":"comments-service","timestamp":"2025-05-25 14:22:30"}
{"level":"info","message":"✅ Created indexes","service":"comments-service","timestamp":"2025-05-25 14:22:30"}
{"level":"info","message":"🎉 Database initialized successfully","service":"comments-service","timestamp":"2025-05-25 14:22:30"}
{"level":"info","message":"🚀 Server is running on port 3008","service":"comments-service","timestamp":"2025-05-25 14:22:30"}
{"level":"info","message":"🛑 Closing database pool...","service":"comments-service","timestamp":"2025-05-25 14:23:28"}
{"DB_HOST":"localhost","DB_NAME":"comments_db","DB_PORT":"5432","DB_USER":"***","PORT":3008,"level":"info","message":"Environment variables loaded","service":"comments-service","timestamp":"2025-05-25 14:25:06"}
{"level":"info","message":"🚀 Starting Comments Service...","service":"comments-service","timestamp":"2025-05-25 14:25:06"}
{"level":"info","message":"🔄 Connected to the database","service":"comments-service","timestamp":"2025-05-25 14:25:06"}
{"level":"info","message":"🔧 Initializing database...","service":"comments-service","timestamp":"2025-05-25 14:25:06"}
{"level":"info","message":"✅ Created tables","service":"comments-service","timestamp":"2025-05-25 14:25:06"}
{"level":"info","message":"✅ Created indexes","service":"comments-service","timestamp":"2025-05-25 14:25:06"}
{"level":"info","message":"🎉 Database initialized successfully","service":"comments-service","timestamp":"2025-05-25 14:25:06"}
{"level":"info","message":"🚀 Server is running on port 3008","service":"comments-service","timestamp":"2025-05-25 14:25:06"}
{"level":"info","message":"🛑 Closing database pool...","service":"comments-service","timestamp":"2025-05-25 14:51:44"}
{"DB_HOST":"localhost","DB_NAME":"comments_db","DB_PORT":"5432","DB_USER":"***","PORT":3008,"level":"info","message":"Environment variables loaded","service":"comments-service","timestamp":"2025-05-25 14:51:56"}
{"level":"info","message":"🚀 Starting Comments Service...","service":"comments-service","timestamp":"2025-05-25 14:51:56"}
{"level":"info","message":"🔄 Connected to the database","service":"comments-service","timestamp":"2025-05-25 14:51:57"}
{"level":"info","message":"🔧 Initializing database...","service":"comments-service","timestamp":"2025-05-25 14:51:57"}
{"level":"info","message":"✅ Created tables","service":"comments-service","timestamp":"2025-05-25 14:51:57"}
{"level":"info","message":"✅ Created indexes","service":"comments-service","timestamp":"2025-05-25 14:51:57"}
{"level":"info","message":"🎉 Database initialized successfully","service":"comments-service","timestamp":"2025-05-25 14:51:57"}
{"level":"info","message":"🚀 Server is running on port 3008","service":"comments-service","timestamp":"2025-05-25 14:51:57"}
{"level":"info","message":"🛑 Closing database pool...","service":"comments-service","timestamp":"2025-05-25 15:00:20"}
{"DB_HOST":"localhost","DB_NAME":"comments_db","DB_PORT":"5432","DB_USER":"***","PORT":3008,"level":"info","message":"Environment variables loaded","service":"comments-service","timestamp":"2025-05-25 15:00:24"}
{"level":"info","message":"🚀 Starting Comments Service...","service":"comments-service","timestamp":"2025-05-25 15:00:24"}
{"level":"info","message":"🔄 Connected to the database","service":"comments-service","timestamp":"2025-05-25 15:00:24"}
{"level":"info","message":"🔧 Initializing database...","service":"comments-service","timestamp":"2025-05-25 15:00:24"}
{"level":"info","message":"✅ Created tables","service":"comments-service","timestamp":"2025-05-25 15:00:24"}
{"level":"info","message":"✅ Created indexes","service":"comments-service","timestamp":"2025-05-25 15:00:24"}
{"level":"info","message":"🎉 Database initialized successfully","service":"comments-service","timestamp":"2025-05-25 15:00:24"}
{"level":"info","message":"🚀 Server is running on port 3008","service":"comments-service","timestamp":"2025-05-25 15:00:24"}
{"level":"info","message":"🛑 Closing database pool...","service":"comments-service","timestamp":"2025-05-25 15:15:08"}
{"DB_HOST":"localhost","DB_NAME":"comments_db","DB_PORT":"5432","DB_USER":"***","PORT":3008,"level":"info","message":"Environment variables loaded","service":"comments-service","timestamp":"2025-05-25 15:15:13"}
{"level":"info","message":"🚀 Starting Comments Service...","service":"comments-service","timestamp":"2025-05-25 15:15:13"}
{"level":"info","message":"🔄 Connected to the database","service":"comments-service","timestamp":"2025-05-25 15:15:13"}
{"level":"info","message":"🔧 Initializing database...","service":"comments-service","timestamp":"2025-05-25 15:15:13"}
{"level":"info","message":"✅ Created tables","service":"comments-service","timestamp":"2025-05-25 15:15:13"}
{"level":"info","message":"✅ Created indexes","service":"comments-service","timestamp":"2025-05-25 15:15:13"}
{"level":"info","message":"🎉 Database initialized successfully","service":"comments-service","timestamp":"2025-05-25 15:15:13"}
{"level":"info","message":"🚀 Server is running on port 3008","service":"comments-service","timestamp":"2025-05-25 15:15:13"}
{"DB_HOST":"localhost","DB_NAME":"comments_db","DB_PORT":"5432","DB_USER":"***","PORT":3008,"level":"info","message":"Environment variables loaded","service":"comments-service","timestamp":"2025-05-25 15:24:39"}
{"level":"info","message":"🚀 Starting Comments Service...","service":"comments-service","timestamp":"2025-05-25 15:24:40"}
{"level":"info","message":"🔄 Connected to the database","service":"comments-service","timestamp":"2025-05-25 15:24:40"}
{"level":"info","message":"🔧 Initializing database...","service":"comments-service","timestamp":"2025-05-25 15:24:40"}
{"level":"info","message":"✅ Created tables","service":"comments-service","timestamp":"2025-05-25 15:24:40"}
{"level":"info","message":"✅ Created indexes","service":"comments-service","timestamp":"2025-05-25 15:24:40"}
{"level":"info","message":"🎉 Database initialized successfully","service":"comments-service","timestamp":"2025-05-25 15:24:40"}
{"level":"info","message":"🚀 Server is running on port 3008","service":"comments-service","timestamp":"2025-05-25 15:24:40"}
{"level":"info","message":"🛑 Closing database pool...","service":"comments-service","timestamp":"2025-05-25 15:27:37"}
{"DB_HOST":"localhost","DB_NAME":"comments_db","DB_PORT":"5432","DB_USER":"***","PORT":3008,"level":"info","message":"Environment variables loaded","service":"comments-service","timestamp":"2025-05-25 15:32:50"}
{"level":"info","message":"🚀 Starting Comments Service...","service":"comments-service","timestamp":"2025-05-25 15:32:50"}
{"level":"info","message":"🔄 Connected to the database","service":"comments-service","timestamp":"2025-05-25 15:32:50"}
{"level":"info","message":"🔧 Initializing database...","service":"comments-service","timestamp":"2025-05-25 15:32:50"}
{"level":"info","message":"✅ Created tables","service":"comments-service","timestamp":"2025-05-25 15:32:50"}
{"level":"info","message":"✅ Created indexes","service":"comments-service","timestamp":"2025-05-25 15:32:50"}
{"level":"info","message":"🎉 Database initialized successfully","service":"comments-service","timestamp":"2025-05-25 15:32:50"}
{"level":"info","message":"🚀 Server is running on port 3008","service":"comments-service","timestamp":"2025-05-25 15:32:50"}
{"level":"info","message":"🛑 Closing database pool...","service":"comments-service","timestamp":"2025-05-25 16:20:00"}
{"DB_HOST":"localhost","DB_NAME":"comments_db","DB_PORT":"5432","DB_USER":"***","PORT":3008,"level":"info","message":"Environment variables loaded","service":"comments-service","timestamp":"2025-05-25 16:20:42"}
{"level":"info","message":"🚀 Starting Comments Service...","service":"comments-service","timestamp":"2025-05-25 16:20:42"}
{"level":"info","message":"🔄 Connected to the database","service":"comments-service","timestamp":"2025-05-25 16:20:42"}
{"level":"info","message":"🔧 Initializing database...","service":"comments-service","timestamp":"2025-05-25 16:20:42"}
{"level":"info","message":"✅ Created tables","service":"comments-service","timestamp":"2025-05-25 16:20:42"}
{"level":"info","message":"✅ Created indexes","service":"comments-service","timestamp":"2025-05-25 16:20:42"}
{"level":"info","message":"🎉 Database initialized successfully","service":"comments-service","timestamp":"2025-05-25 16:20:42"}
{"level":"info","message":"🚀 Server is running on port 3008","service":"comments-service","timestamp":"2025-05-25 16:20:42"}
{"level":"info","message":"🛑 Closing database pool...","service":"comments-service","timestamp":"2025-05-25 16:44:12"}
{"DB_HOST":"localhost","DB_NAME":"comments_db","DB_PORT":"5432","DB_USER":"***","PORT":3008,"level":"info","message":"Environment variables loaded","service":"comments-service","timestamp":"2025-05-25 16:47:06"}
{"level":"info","message":"🚀 Starting Comments Service...","service":"comments-service","timestamp":"2025-05-25 16:47:06"}
{"level":"info","message":"🔄 Connected to the database","service":"comments-service","timestamp":"2025-05-25 16:47:06"}
{"level":"info","message":"🔧 Initializing database...","service":"comments-service","timestamp":"2025-05-25 16:47:06"}
{"level":"info","message":"✅ Created tables","service":"comments-service","timestamp":"2025-05-25 16:47:06"}
{"level":"info","message":"✅ Created indexes","service":"comments-service","timestamp":"2025-05-25 16:47:06"}
{"level":"info","message":"🎉 Database initialized successfully","service":"comments-service","timestamp":"2025-05-25 16:47:06"}
{"level":"info","message":"🚀 Server is running on port 3008","service":"comments-service","timestamp":"2025-05-25 16:47:06"}
{"level":"info","message":"🛑 Closing database pool...","service":"comments-service","timestamp":"2025-05-25 16:50:50"}
{"DB_HOST":"localhost","DB_NAME":"comments_db","DB_PORT":"5432","DB_USER":"***","PORT":3008,"level":"info","message":"Environment variables loaded","service":"comments-service","timestamp":"2025-05-25 16:50:57"}
{"level":"info","message":"🚀 Starting Comments Service...","service":"comments-service","timestamp":"2025-05-25 16:50:57"}
{"level":"info","message":"🔄 Connected to the database","service":"comments-service","timestamp":"2025-05-25 16:50:57"}
{"level":"info","message":"🔧 Initializing database...","service":"comments-service","timestamp":"2025-05-25 16:50:57"}
{"level":"info","message":"✅ Created tables","service":"comments-service","timestamp":"2025-05-25 16:50:57"}
{"level":"info","message":"✅ Created indexes","service":"comments-service","timestamp":"2025-05-25 16:50:57"}
{"level":"info","message":"🎉 Database initialized successfully","service":"comments-service","timestamp":"2025-05-25 16:50:57"}
{"level":"info","message":"🚀 Server is running on port 3008","service":"comments-service","timestamp":"2025-05-25 16:50:57"}
{"level":"info","message":"🛑 Closing database pool...","service":"comments-service","timestamp":"2025-05-25 17:23:37"}
{"DB_HOST":"localhost","DB_NAME":"comments_db","DB_PORT":"5432","DB_USER":"***","PORT":3008,"level":"info","message":"Environment variables loaded","service":"comments-service","timestamp":"2025-05-25 17:23:41"}
{"level":"info","message":"🚀 Starting Comments Service...","service":"comments-service","timestamp":"2025-05-25 17:23:41"}
{"level":"info","message":"🔄 Connected to the database","service":"comments-service","timestamp":"2025-05-25 17:23:42"}
{"level":"info","message":"🔧 Initializing database...","service":"comments-service","timestamp":"2025-05-25 17:23:42"}
{"level":"info","message":"✅ Created tables","service":"comments-service","timestamp":"2025-05-25 17:23:42"}
{"level":"info","message":"✅ Created indexes","service":"comments-service","timestamp":"2025-05-25 17:23:42"}
{"level":"info","message":"🎉 Database initialized successfully","service":"comments-service","timestamp":"2025-05-25 17:23:42"}
{"level":"info","message":"🚀 Server is running on port 3008","service":"comments-service","timestamp":"2025-05-25 17:23:42"}
{"level":"info","message":"🛑 Closing database pool...","service":"comments-service","timestamp":"2025-05-25 17:35:41"}
{"DB_HOST":"localhost","DB_NAME":"comments_db","DB_PORT":"5432","DB_USER":"***","PORT":3008,"level":"info","message":"Environment variables loaded","service":"comments-service","timestamp":"2025-05-25 17:35:45"}
{"level":"info","message":"🚀 Starting Comments Service...","service":"comments-service","timestamp":"2025-05-25 17:35:45"}
{"level":"info","message":"🔄 Connected to the database","service":"comments-service","timestamp":"2025-05-25 17:35:45"}
{"level":"info","message":"🔧 Initializing database...","service":"comments-service","timestamp":"2025-05-25 17:35:45"}
{"level":"info","message":"✅ Created tables","service":"comments-service","timestamp":"2025-05-25 17:35:45"}
{"level":"info","message":"✅ Created indexes","service":"comments-service","timestamp":"2025-05-25 17:35:45"}
{"level":"info","message":"🎉 Database initialized successfully","service":"comments-service","timestamp":"2025-05-25 17:35:45"}
{"level":"info","message":"🚀 Server is running on port 3008","service":"comments-service","timestamp":"2025-05-25 17:35:45"}
{"level":"info","message":"🛑 Closing database pool...","service":"comments-service","timestamp":"2025-05-25 17:57:07"}
{"DB_HOST":"localhost","DB_NAME":"comments_db","DB_PORT":"5432","DB_USER":"***","PORT":3008,"level":"info","message":"Environment variables loaded","service":"comments-service","timestamp":"2025-05-25 17:59:01"}
{"level":"info","message":"🚀 Starting Comments Service...","service":"comments-service","timestamp":"2025-05-25 17:59:01"}
{"level":"info","message":"🔄 Connected to the database","service":"comments-service","timestamp":"2025-05-25 17:59:01"}
{"level":"info","message":"🔧 Initializing database...","service":"comments-service","timestamp":"2025-05-25 17:59:01"}
{"level":"info","message":"✅ Created tables","service":"comments-service","timestamp":"2025-05-25 17:59:01"}
{"level":"info","message":"✅ Created indexes","service":"comments-service","timestamp":"2025-05-25 17:59:01"}
{"level":"info","message":"🎉 Database initialized successfully","service":"comments-service","timestamp":"2025-05-25 17:59:01"}
{"level":"info","message":"🚀 Server is running on port 3008","service":"comments-service","timestamp":"2025-05-25 17:59:01"}
{"level":"info","message":"🛑 Closing database pool...","service":"comments-service","timestamp":"2025-05-25 17:59:20"}
{"DB_HOST":"localhost","DB_NAME":"comments_db","DB_PORT":"5432","DB_USER":"***","PORT":3008,"level":"info","message":"Environment variables loaded","service":"comments-service","timestamp":"2025-05-25 18:11:31"}
{"level":"info","message":"🚀 Starting Comments Service...","service":"comments-service","timestamp":"2025-05-25 18:11:31"}
{"level":"info","message":"🔄 Connected to the database","service":"comments-service","timestamp":"2025-05-25 18:11:31"}
{"level":"info","message":"🔧 Initializing database...","service":"comments-service","timestamp":"2025-05-25 18:11:31"}
{"level":"info","message":"✅ Created tables","service":"comments-service","timestamp":"2025-05-25 18:11:31"}
{"level":"info","message":"✅ Created indexes","service":"comments-service","timestamp":"2025-05-25 18:11:31"}
{"level":"info","message":"🎉 Database initialized successfully","service":"comments-service","timestamp":"2025-05-25 18:11:31"}
{"level":"info","message":"🚀 Server is running on port 3008","service":"comments-service","timestamp":"2025-05-25 18:11:31"}
{"DB_HOST":"localhost","DB_NAME":"comments_db","DB_PORT":"5432","DB_USER":"***","PORT":3008,"level":"info","message":"Environment variables loaded","service":"comments-service","timestamp":"2025-05-25 18:15:20"}
{"level":"info","message":"🚀 Starting Comments Service...","service":"comments-service","timestamp":"2025-05-25 18:15:20"}
{"level":"info","message":"🔄 Connected to the database","service":"comments-service","timestamp":"2025-05-25 18:15:20"}
{"level":"info","message":"🔧 Initializing database...","service":"comments-service","timestamp":"2025-05-25 18:15:20"}
{"level":"info","message":"✅ Created tables","service":"comments-service","timestamp":"2025-05-25 18:15:20"}
{"level":"info","message":"✅ Created indexes","service":"comments-service","timestamp":"2025-05-25 18:15:20"}
{"level":"info","message":"🎉 Database initialized successfully","service":"comments-service","timestamp":"2025-05-25 18:15:20"}
{"level":"info","message":"🚀 Server is running on port 3008","service":"comments-service","timestamp":"2025-05-25 18:15:20"}
{"level":"info","message":"🛑 Closing database pool...","service":"comments-service","timestamp":"2025-05-25 18:32:19"}
{"DB_HOST":"localhost","DB_NAME":"comments_db","DB_PORT":"5432","DB_USER":"***","PORT":3008,"level":"info","message":"Environment variables loaded","service":"comments-service","timestamp":"2025-05-25 18:36:28"}
{"level":"info","message":"🚀 Starting Comments Service...","service":"comments-service","timestamp":"2025-05-25 18:36:28"}
{"level":"info","message":"🔄 Connected to the database","service":"comments-service","timestamp":"2025-05-25 18:36:28"}
{"level":"info","message":"🔧 Initializing database...","service":"comments-service","timestamp":"2025-05-25 18:36:28"}
{"level":"info","message":"✅ Created tables","service":"comments-service","timestamp":"2025-05-25 18:36:28"}
{"level":"info","message":"✅ Created indexes","service":"comments-service","timestamp":"2025-05-25 18:36:28"}
{"level":"info","message":"🎉 Database initialized successfully","service":"comments-service","timestamp":"2025-05-25 18:36:28"}
{"level":"info","message":"🚀 Server is running on port 3008","service":"comments-service","timestamp":"2025-05-25 18:36:28"}
{"level":"info","message":"🛑 Closing database pool...","service":"comments-service","timestamp":"2025-05-25 18:52:19"}
{"DB_HOST":"localhost","DB_NAME":"comments_db","DB_PORT":"5432","DB_USER":"***","PORT":3008,"level":"info","message":"Environment variables loaded","service":"comments-service","timestamp":"2025-05-25 19:09:49"}
{"level":"info","message":"🚀 Starting Comments Service...","service":"comments-service","timestamp":"2025-05-25 19:09:49"}
{"level":"info","message":"🔄 Connected to the database","service":"comments-service","timestamp":"2025-05-25 19:09:49"}
{"level":"info","message":"🔧 Initializing database...","service":"comments-service","timestamp":"2025-05-25 19:09:49"}
{"level":"info","message":"✅ Created tables","service":"comments-service","timestamp":"2025-05-25 19:09:49"}
{"level":"info","message":"✅ Created indexes","service":"comments-service","timestamp":"2025-05-25 19:09:49"}
{"level":"info","message":"🎉 Database initialized successfully","service":"comments-service","timestamp":"2025-05-25 19:09:49"}
{"level":"info","message":"🚀 Server is running on port 3008","service":"comments-service","timestamp":"2025-05-25 19:09:49"}
{"DB_HOST":"localhost","DB_NAME":"comments_db","DB_PORT":"5432","DB_USER":"***","PORT":3008,"level":"info","message":"Environment variables loaded","service":"comments-service","timestamp":"2025-05-25 19:12:13"}
{"level":"info","message":"🚀 Starting Comments Service...","service":"comments-service","timestamp":"2025-05-25 19:12:13"}
{"level":"info","message":"🔄 Connected to the database","service":"comments-service","timestamp":"2025-05-25 19:12:14"}
{"level":"info","message":"🔧 Initializing database...","service":"comments-service","timestamp":"2025-05-25 19:12:14"}
{"level":"info","message":"✅ Created tables","service":"comments-service","timestamp":"2025-05-25 19:12:14"}
{"level":"info","message":"✅ Created indexes","service":"comments-service","timestamp":"2025-05-25 19:12:14"}
{"level":"info","message":"🎉 Database initialized successfully","service":"comments-service","timestamp":"2025-05-25 19:12:14"}
{"level":"info","message":"🚀 Server is running on port 3008","service":"comments-service","timestamp":"2025-05-25 19:12:14"}
{"level":"info","message":"🛑 Closing database pool...","service":"comments-service","timestamp":"2025-05-25 19:12:54"}
{"DB_HOST":"localhost","DB_NAME":"comments_db","DB_PORT":"5432","DB_USER":"***","PORT":3008,"level":"info","message":"Environment variables loaded","service":"comments-service","timestamp":"2025-05-25 19:12:59"}
{"level":"info","message":"🚀 Starting Comments Service...","service":"comments-service","timestamp":"2025-05-25 19:12:59"}
{"level":"info","message":"🔄 Connected to the database","service":"comments-service","timestamp":"2025-05-25 19:12:59"}
{"level":"info","message":"🔧 Initializing database...","service":"comments-service","timestamp":"2025-05-25 19:12:59"}
{"level":"info","message":"✅ Created tables","service":"comments-service","timestamp":"2025-05-25 19:12:59"}
{"level":"info","message":"✅ Created indexes","service":"comments-service","timestamp":"2025-05-25 19:12:59"}
{"level":"info","message":"🎉 Database initialized successfully","service":"comments-service","timestamp":"2025-05-25 19:12:59"}
{"level":"info","message":"🚀 Server is running on port 3008","service":"comments-service","timestamp":"2025-05-25 19:12:59"}
{"level":"info","message":"🛑 Closing database pool...","service":"comments-service","timestamp":"2025-05-25 20:22:23"}
{"DB_HOST":"localhost","DB_NAME":"comments_db","DB_PORT":"5432","DB_USER":"***","PORT":3008,"level":"info","message":"Environment variables loaded","service":"comments-service","timestamp":"2025-05-25 20:22:32"}
{"level":"info","message":"🚀 Starting Comments Service...","service":"comments-service","timestamp":"2025-05-25 20:22:32"}
{"level":"info","message":"🔄 Connected to the database","service":"comments-service","timestamp":"2025-05-25 20:22:32"}
{"level":"info","message":"🔧 Initializing database...","service":"comments-service","timestamp":"2025-05-25 20:22:32"}
{"level":"info","message":"✅ Created tables","service":"comments-service","timestamp":"2025-05-25 20:22:32"}
{"level":"info","message":"✅ Created indexes","service":"comments-service","timestamp":"2025-05-25 20:22:32"}
{"level":"info","message":"🎉 Database initialized successfully","service":"comments-service","timestamp":"2025-05-25 20:22:32"}
{"level":"info","message":"🚀 Server is running on port 3008","service":"comments-service","timestamp":"2025-05-25 20:22:32"}
{"level":"info","message":"🛑 Closing database pool...","service":"comments-service","timestamp":"2025-05-25 20:33:07"}
{"DB_HOST":"localhost","DB_NAME":"comments_db","DB_PORT":"5432","DB_USER":"***","PORT":3008,"level":"info","message":"Environment variables loaded","service":"comments-service","timestamp":"2025-05-25 20:40:32"}
{"level":"info","message":"🚀 Starting Comments Service...","service":"comments-service","timestamp":"2025-05-25 20:40:32"}
{"level":"info","message":"🔄 Connected to the database","service":"comments-service","timestamp":"2025-05-25 20:40:32"}
{"level":"info","message":"🔧 Initializing database...","service":"comments-service","timestamp":"2025-05-25 20:40:32"}
{"level":"info","message":"✅ Created tables","service":"comments-service","timestamp":"2025-05-25 20:40:32"}
{"level":"info","message":"✅ Created indexes","service":"comments-service","timestamp":"2025-05-25 20:40:32"}
{"level":"info","message":"🎉 Database initialized successfully","service":"comments-service","timestamp":"2025-05-25 20:40:32"}
{"level":"info","message":"🚀 Server is running on port 3008","service":"comments-service","timestamp":"2025-05-25 20:40:32"}
{"level":"info","message":"🛑 Closing database pool...","service":"comments-service","timestamp":"2025-05-25 22:06:41"}
{"DB_HOST":"localhost","DB_NAME":"comments_db","DB_PORT":"5432","DB_USER":"***","PORT":3008,"level":"info","message":"Environment variables loaded","service":"comments-service","timestamp":"2025-05-25 22:06:49"}
{"level":"info","message":"🚀 Starting Comments Service...","service":"comments-service","timestamp":"2025-05-25 22:06:49"}
{"level":"info","message":"🔄 Connected to the database","service":"comments-service","timestamp":"2025-05-25 22:06:49"}
{"level":"info","message":"🔧 Initializing database...","service":"comments-service","timestamp":"2025-05-25 22:06:49"}
{"level":"info","message":"✅ Created tables","service":"comments-service","timestamp":"2025-05-25 22:06:49"}
{"level":"info","message":"✅ Created indexes","service":"comments-service","timestamp":"2025-05-25 22:06:49"}
{"level":"info","message":"🎉 Database initialized successfully","service":"comments-service","timestamp":"2025-05-25 22:06:49"}
{"level":"info","message":"🚀 Server is running on port 3008","service":"comments-service","timestamp":"2025-05-25 22:06:49"}
{"level":"info","message":"🛑 Closing database pool...","service":"comments-service","timestamp":"2025-05-25 22:09:00"}
{"DB_HOST":"localhost","DB_NAME":"comments_db","DB_PORT":"5432","DB_USER":"***","PORT":3008,"level":"info","message":"Environment variables loaded","service":"comments-service","timestamp":"2025-05-25 22:09:05"}
{"level":"info","message":"🚀 Starting Comments Service...","service":"comments-service","timestamp":"2025-05-25 22:09:05"}
{"level":"info","message":"🔄 Connected to the database","service":"comments-service","timestamp":"2025-05-25 22:09:05"}
{"level":"info","message":"🔧 Initializing database...","service":"comments-service","timestamp":"2025-05-25 22:09:05"}
{"level":"info","message":"✅ Created tables","service":"comments-service","timestamp":"2025-05-25 22:09:05"}
{"level":"info","message":"✅ Created indexes","service":"comments-service","timestamp":"2025-05-25 22:09:05"}
{"level":"info","message":"🎉 Database initialized successfully","service":"comments-service","timestamp":"2025-05-25 22:09:05"}
{"level":"info","message":"🚀 Server is running on port 3008","service":"comments-service","timestamp":"2025-05-25 22:09:05"}
{"level":"info","message":"🛑 Closing database pool...","service":"comments-service","timestamp":"2025-05-25 22:09:29"}
{"DB_HOST":"localhost","DB_NAME":"comments_db","DB_PORT":"5432","DB_USER":"***","PORT":3008,"level":"info","message":"Environment variables loaded","service":"comments-service","timestamp":"2025-05-25 22:09:39"}
{"level":"info","message":"🚀 Starting Comments Service...","service":"comments-service","timestamp":"2025-05-25 22:09:39"}
{"level":"info","message":"🔄 Connected to the database","service":"comments-service","timestamp":"2025-05-25 22:09:39"}
{"level":"info","message":"🔧 Initializing database...","service":"comments-service","timestamp":"2025-05-25 22:09:39"}
{"level":"info","message":"✅ Created tables","service":"comments-service","timestamp":"2025-05-25 22:09:39"}
{"level":"info","message":"✅ Created indexes","service":"comments-service","timestamp":"2025-05-25 22:09:39"}
{"level":"info","message":"🎉 Database initialized successfully","service":"comments-service","timestamp":"2025-05-25 22:09:39"}
{"level":"info","message":"🚀 Server is running on port 3008","service":"comments-service","timestamp":"2025-05-25 22:09:39"}
{"level":"info","message":"🛑 Closing database pool...","service":"comments-service","timestamp":"2025-05-25 22:15:43"}
{"DB_HOST":"localhost","DB_NAME":"comments_db","DB_PORT":"5432","DB_USER":"***","PORT":3008,"level":"info","message":"Environment variables loaded","service":"comments-service","timestamp":"2025-05-25 22:15:48"}
{"level":"info","message":"🚀 Starting Comments Service...","service":"comments-service","timestamp":"2025-05-25 22:15:48"}
{"level":"info","message":"🔄 Connected to the database","service":"comments-service","timestamp":"2025-05-25 22:15:48"}
{"level":"info","message":"🔧 Initializing database...","service":"comments-service","timestamp":"2025-05-25 22:15:48"}
{"level":"info","message":"✅ Created tables","service":"comments-service","timestamp":"2025-05-25 22:15:48"}
{"level":"info","message":"✅ Created indexes","service":"comments-service","timestamp":"2025-05-25 22:15:48"}
{"level":"info","message":"🎉 Database initialized successfully","service":"comments-service","timestamp":"2025-05-25 22:15:48"}
{"level":"info","message":"🚀 Server is running on port 3008","service":"comments-service","timestamp":"2025-05-25 22:15:48"}
{"DB_HOST":"localhost","DB_NAME":"comments_db","DB_PORT":"5432","DB_USER":"***","PORT":3008,"level":"info","message":"Environment variables loaded","service":"comments-service","timestamp":"2025-05-25 22:38:36"}
{"level":"info","message":"🚀 Starting Comments Service...","service":"comments-service","timestamp":"2025-05-25 22:38:36"}
{"level":"info","message":"🔄 Connected to the database","service":"comments-service","timestamp":"2025-05-25 22:38:36"}
{"level":"info","message":"🔧 Initializing database...","service":"comments-service","timestamp":"2025-05-25 22:38:36"}
{"level":"info","message":"✅ Created tables","service":"comments-service","timestamp":"2025-05-25 22:38:36"}
{"level":"info","message":"✅ Created indexes","service":"comments-service","timestamp":"2025-05-25 22:38:36"}
{"level":"info","message":"🎉 Database initialized successfully","service":"comments-service","timestamp":"2025-05-25 22:38:36"}
{"level":"info","message":"🚀 Server is running on port 3008","service":"comments-service","timestamp":"2025-05-25 22:38:36"}
{"level":"info","message":"🛑 Closing database pool...","service":"comments-service","timestamp":"2025-05-25 22:40:13"}
{"DB_HOST":"localhost","DB_NAME":"comments_db","DB_PORT":"5432","DB_USER":"***","PORT":3008,"level":"info","message":"Environment variables loaded","service":"comments-service","timestamp":"2025-05-25 22:40:21"}
{"level":"info","message":"🚀 Starting Comments Service...","service":"comments-service","timestamp":"2025-05-25 22:40:21"}
{"level":"info","message":"🔄 Connected to the database","service":"comments-service","timestamp":"2025-05-25 22:40:21"}
{"level":"info","message":"🔧 Initializing database...","service":"comments-service","timestamp":"2025-05-25 22:40:21"}
{"level":"info","message":"✅ Created tables","service":"comments-service","timestamp":"2025-05-25 22:40:21"}
{"level":"info","message":"✅ Created indexes","service":"comments-service","timestamp":"2025-05-25 22:40:21"}
{"level":"info","message":"🎉 Database initialized successfully","service":"comments-service","timestamp":"2025-05-25 22:40:21"}
{"level":"info","message":"🚀 Server is running on port 3008","service":"comments-service","timestamp":"2025-05-25 22:40:21"}
{"DB_HOST":"localhost","DB_NAME":"comments_db","DB_PORT":"5432","DB_USER":"***","PORT":3008,"level":"info","message":"Environment variables loaded","service":"comments-service","timestamp":"2025-05-25 22:57:09"}
{"level":"info","message":"🚀 Starting Comments Service...","service":"comments-service","timestamp":"2025-05-25 22:57:09"}
{"level":"info","message":"🔄 Connected to the database","service":"comments-service","timestamp":"2025-05-25 22:57:09"}
{"level":"info","message":"🔧 Initializing database...","service":"comments-service","timestamp":"2025-05-25 22:57:09"}
{"level":"info","message":"✅ Created tables","service":"comments-service","timestamp":"2025-05-25 22:57:09"}
{"level":"info","message":"✅ Created indexes","service":"comments-service","timestamp":"2025-05-25 22:57:09"}
{"level":"info","message":"🎉 Database initialized successfully","service":"comments-service","timestamp":"2025-05-25 22:57:09"}
{"level":"info","message":"🚀 Server is running on port 3008","service":"comments-service","timestamp":"2025-05-25 22:57:09"}
{"level":"info","message":"🛑 Closing database pool...","service":"comments-service","timestamp":"2025-05-25 23:02:53"}
{"DB_HOST":"localhost","DB_NAME":"comments_db","DB_PORT":"5432","DB_USER":"***","PORT":3008,"level":"info","message":"Environment variables loaded","service":"comments-service","timestamp":"2025-05-25 23:06:28"}
{"level":"info","message":"🚀 Starting Comments Service...","service":"comments-service","timestamp":"2025-05-25 23:06:28"}
{"level":"info","message":"🔄 Connected to the database","service":"comments-service","timestamp":"2025-05-25 23:06:28"}
{"level":"info","message":"🔧 Initializing database...","service":"comments-service","timestamp":"2025-05-25 23:06:28"}
{"level":"info","message":"✅ Created tables","service":"comments-service","timestamp":"2025-05-25 23:06:28"}
{"level":"info","message":"✅ Created indexes","service":"comments-service","timestamp":"2025-05-25 23:06:28"}
{"level":"info","message":"🎉 Database initialized successfully","service":"comments-service","timestamp":"2025-05-25 23:06:28"}
{"level":"info","message":"🚀 Server is running on port 3008","service":"comments-service","timestamp":"2025-05-25 23:06:28"}
{"DB_HOST":"localhost","DB_NAME":"comments_db","DB_PORT":"5432","DB_USER":"***","PORT":3008,"level":"info","message":"Environment variables loaded","service":"comments-service","timestamp":"2025-05-25 23:10:17"}
{"level":"info","message":"🚀 Starting Comments Service...","service":"comments-service","timestamp":"2025-05-25 23:10:17"}
{"level":"info","message":"🔄 Connected to the database","service":"comments-service","timestamp":"2025-05-25 23:10:17"}
{"level":"info","message":"🔧 Initializing database...","service":"comments-service","timestamp":"2025-05-25 23:10:17"}
{"level":"info","message":"✅ Created tables","service":"comments-service","timestamp":"2025-05-25 23:10:17"}
{"level":"info","message":"✅ Created indexes","service":"comments-service","timestamp":"2025-05-25 23:10:17"}
{"level":"info","message":"🎉 Database initialized successfully","service":"comments-service","timestamp":"2025-05-25 23:10:17"}
{"level":"info","message":"🚀 Server is running on port 3008","service":"comments-service","timestamp":"2025-05-25 23:10:17"}
{"DB_HOST":"localhost","DB_NAME":"comments_db","DB_PORT":"5432","DB_USER":"***","PORT":3008,"level":"info","message":"Environment variables loaded","service":"comments-service","timestamp":"2025-05-26 09:33:29"}
{"level":"info","message":"🚀 Starting Comments Service...","service":"comments-service","timestamp":"2025-05-26 09:33:29"}
{"level":"info","message":"🔄 Connected to the database","service":"comments-service","timestamp":"2025-05-26 09:33:29"}
{"level":"info","message":"🔧 Initializing database...","service":"comments-service","timestamp":"2025-05-26 09:33:29"}
{"level":"info","message":"✅ Created tables","service":"comments-service","timestamp":"2025-05-26 09:33:29"}
{"level":"info","message":"✅ Created indexes","service":"comments-service","timestamp":"2025-05-26 09:33:29"}
{"level":"info","message":"🎉 Database initialized successfully","service":"comments-service","timestamp":"2025-05-26 09:33:29"}
{"level":"info","message":"🚀 Server is running on port 3008","service":"comments-service","timestamp":"2025-05-26 09:33:29"}
{"level":"info","message":"🛑 Closing database pool...","service":"comments-service","timestamp":"2025-05-26 09:38:20"}
{"DB_HOST":"localhost","DB_NAME":"comments_db","DB_PORT":"5432","DB_USER":"***","PORT":3008,"level":"info","message":"Environment variables loaded","service":"comments-service","timestamp":"2025-05-26 09:38:30"}
{"level":"info","message":"🚀 Starting Comments Service...","service":"comments-service","timestamp":"2025-05-26 09:38:30"}
{"level":"info","message":"🔄 Connected to the database","service":"comments-service","timestamp":"2025-05-26 09:38:30"}
{"level":"info","message":"🔧 Initializing database...","service":"comments-service","timestamp":"2025-05-26 09:38:30"}
{"level":"info","message":"✅ Created tables","service":"comments-service","timestamp":"2025-05-26 09:38:30"}
{"level":"info","message":"✅ Created indexes","service":"comments-service","timestamp":"2025-05-26 09:38:30"}
{"level":"info","message":"🎉 Database initialized successfully","service":"comments-service","timestamp":"2025-05-26 09:38:30"}
{"level":"info","message":"🚀 Server is running on port 3008","service":"comments-service","timestamp":"2025-05-26 09:38:30"}
{"level":"info","message":"🛑 Closing database pool...","service":"comments-service","timestamp":"2025-05-26 09:43:15"}
{"DB_HOST":"localhost","DB_NAME":"comments_db","DB_PORT":"5432","DB_USER":"***","PORT":3008,"level":"info","message":"Environment variables loaded","service":"comments-service","timestamp":"2025-05-26 09:43:19"}
{"level":"info","message":"🚀 Starting Comments Service...","service":"comments-service","timestamp":"2025-05-26 09:43:19"}
{"level":"info","message":"🔄 Connected to the database","service":"comments-service","timestamp":"2025-05-26 09:43:20"}
{"level":"info","message":"🔧 Initializing database...","service":"comments-service","timestamp":"2025-05-26 09:43:20"}
{"level":"info","message":"✅ Created tables","service":"comments-service","timestamp":"2025-05-26 09:43:20"}
{"level":"info","message":"✅ Created indexes","service":"comments-service","timestamp":"2025-05-26 09:43:20"}
{"level":"info","message":"🎉 Database initialized successfully","service":"comments-service","timestamp":"2025-05-26 09:43:20"}
{"level":"info","message":"🚀 Server is running on port 3008","service":"comments-service","timestamp":"2025-05-26 09:43:20"}
{"level":"info","message":"🛑 Closing database pool...","service":"comments-service","timestamp":"2025-05-26 09:43:25"}
{"DB_HOST":"localhost","DB_NAME":"comments_db","DB_PORT":"5432","DB_USER":"***","PORT":3008,"level":"info","message":"Environment variables loaded","service":"comments-service","timestamp":"2025-05-26 09:43:32"}
{"level":"info","message":"🚀 Starting Comments Service...","service":"comments-service","timestamp":"2025-05-26 09:43:32"}
{"level":"info","message":"🔄 Connected to the database","service":"comments-service","timestamp":"2025-05-26 09:43:32"}
{"level":"info","message":"🔧 Initializing database...","service":"comments-service","timestamp":"2025-05-26 09:43:32"}
{"level":"info","message":"✅ Created tables","service":"comments-service","timestamp":"2025-05-26 09:43:32"}
{"level":"info","message":"✅ Created indexes","service":"comments-service","timestamp":"2025-05-26 09:43:32"}
{"level":"info","message":"🎉 Database initialized successfully","service":"comments-service","timestamp":"2025-05-26 09:43:32"}
{"level":"info","message":"🚀 Server is running on port 3008","service":"comments-service","timestamp":"2025-05-26 09:43:32"}
{"level":"info","message":"🛑 Closing database pool...","service":"comments-service","timestamp":"2025-05-26 09:47:01"}
{"DB_HOST":"localhost","DB_NAME":"comments_db","DB_PORT":"5432","DB_USER":"***","PORT":3008,"level":"info","message":"Environment variables loaded","service":"comments-service","timestamp":"2025-05-26 09:47:07"}
{"level":"info","message":"🚀 Starting Comments Service...","service":"comments-service","timestamp":"2025-05-26 09:47:07"}
{"level":"info","message":"🔄 Connected to the database","service":"comments-service","timestamp":"2025-05-26 09:47:07"}
{"level":"info","message":"🔧 Initializing database...","service":"comments-service","timestamp":"2025-05-26 09:47:07"}
{"level":"info","message":"✅ Created tables","service":"comments-service","timestamp":"2025-05-26 09:47:07"}
{"level":"info","message":"✅ Created indexes","service":"comments-service","timestamp":"2025-05-26 09:47:07"}
{"level":"info","message":"🎉 Database initialized successfully","service":"comments-service","timestamp":"2025-05-26 09:47:07"}
{"level":"info","message":"🚀 Server is running on port 3008","service":"comments-service","timestamp":"2025-05-26 09:47:07"}
{"level":"info","message":"🛑 Closing database pool...","service":"comments-service","timestamp":"2025-05-26 09:47:45"}
{"DB_HOST":"localhost","DB_NAME":"comments_db","DB_PORT":"5432","DB_USER":"***","PORT":3008,"level":"info","message":"Environment variables loaded","service":"comments-service","timestamp":"2025-05-26 09:49:29"}
{"level":"info","message":"🚀 Starting Comments Service...","service":"comments-service","timestamp":"2025-05-26 09:49:29"}
{"level":"info","message":"🔄 Connected to the database","service":"comments-service","timestamp":"2025-05-26 09:49:29"}
{"level":"info","message":"🔧 Initializing database...","service":"comments-service","timestamp":"2025-05-26 09:49:29"}
{"level":"info","message":"✅ Created tables","service":"comments-service","timestamp":"2025-05-26 09:49:29"}
{"level":"info","message":"✅ Created indexes","service":"comments-service","timestamp":"2025-05-26 09:49:29"}
{"level":"info","message":"🎉 Database initialized successfully","service":"comments-service","timestamp":"2025-05-26 09:49:29"}
{"level":"info","message":"🚀 Server is running on port 3008","service":"comments-service","timestamp":"2025-05-26 09:49:29"}
{"level":"info","message":"🛑 Closing database pool...","service":"comments-service","timestamp":"2025-05-26 09:54:30"}
{"DB_HOST":"localhost","DB_NAME":"comments_db","DB_PORT":"5432","DB_USER":"***","PORT":3008,"level":"info","message":"Environment variables loaded","service":"comments-service","timestamp":"2025-05-26 09:54:38"}
{"level":"info","message":"🚀 Starting Comments Service...","service":"comments-service","timestamp":"2025-05-26 09:54:38"}
{"level":"info","message":"🔄 Connected to the database","service":"comments-service","timestamp":"2025-05-26 09:54:38"}
{"level":"info","message":"🔧 Initializing database...","service":"comments-service","timestamp":"2025-05-26 09:54:38"}
{"level":"info","message":"✅ Created tables","service":"comments-service","timestamp":"2025-05-26 09:54:38"}
{"level":"info","message":"✅ Created indexes","service":"comments-service","timestamp":"2025-05-26 09:54:38"}
{"level":"info","message":"🎉 Database initialized successfully","service":"comments-service","timestamp":"2025-05-26 09:54:38"}
{"level":"info","message":"🚀 Server is running on port 3008","service":"comments-service","timestamp":"2025-05-26 09:54:38"}
{"DB_HOST":"localhost","DB_NAME":"comments_db","DB_PORT":"5432","DB_USER":"***","PORT":3008,"level":"info","message":"Environment variables loaded","service":"comments-service","timestamp":"2025-05-27 23:47:42"}
{"level":"info","message":"🚀 Starting Comments Service...","service":"comments-service","timestamp":"2025-05-27 23:47:42"}
{"level":"info","message":"🔄 Connected to the database","service":"comments-service","timestamp":"2025-05-27 23:47:42"}
{"level":"info","message":"🔧 Initializing database...","service":"comments-service","timestamp":"2025-05-27 23:47:42"}
{"level":"info","message":"✅ Created tables","service":"comments-service","timestamp":"2025-05-27 23:47:42"}
{"level":"info","message":"✅ Created indexes","service":"comments-service","timestamp":"2025-05-27 23:47:42"}
{"level":"info","message":"🎉 Database initialized successfully","service":"comments-service","timestamp":"2025-05-27 23:47:42"}
{"level":"info","message":"🚀 Server is running on port 3008","service":"comments-service","timestamp":"2025-05-27 23:47:42"}
{"level":"info","message":"🛑 Closing database pool...","service":"comments-service","timestamp":"2025-05-27 23:47:43"}
