[2025-06-01 00:08:13] [32minfo[39m: Environment variables loaded
{
  "PORT": 3008,
  "DB_HOST": "localhost",
  "DB_PORT": "5432",
  "DB_NAME": "comments_db",
  "DB_USER": "***"
}
[2025-06-01 00:08:13] [32minfo[39m: 🚀 Starting Comments Service...
[2025-06-01 00:08:13] [32minfo[39m: 🔄 Đang khởi tạo cơ sở dữ liệu...
[2025-06-01 00:08:13] [32minfo[39m: ✅ Cơ sở dữ liệu đã được khởi tạo thành công
[2025-06-01 00:08:13] [32minfo[39m: 🚀 Server is running on port 3008
{
  "service": "comments-service"
}
[2025-06-01 00:13:32] [32minfo[39m: 🛑 Shutting down server...
[2025-06-01 00:13:55] [32minfo[39m: Environment variables loaded
{
  "PORT": 3008,
  "DB_HOST": "localhost",
  "DB_PORT": "5432",
  "DB_NAME": "comments_db",
  "DB_USER": "***"
}
[2025-06-01 00:13:55] [32minfo[39m: 🚀 Starting Comments Service...
[2025-06-01 00:13:55] [32minfo[39m: 🔄 Đang khởi tạo cơ sở dữ liệu...
[2025-06-01 00:13:55] [32minfo[39m: ✅ Cơ sở dữ liệu đã được khởi tạo thành công
[2025-06-01 00:13:55] [32minfo[39m: 🚀 Server is running on port 3008
{
  "service": "comments-service"
}
[2025-06-01 00:46:09] [32minfo[39m: Environment variables loaded
{
  "PORT": 3008,
  "DB_HOST": "localhost",
  "DB_PORT": "5432",
  "DB_NAME": "comments_db",
  "DB_USER": "***"
}
[2025-06-01 00:46:09] [32minfo[39m: 🚀 Starting Comments Service...
[2025-06-01 00:46:09] [32minfo[39m: 🔄 Đang khởi tạo cơ sở dữ liệu...
[2025-06-01 00:46:10] [32minfo[39m: ✅ Cơ sở dữ liệu đã được khởi tạo thành công
[2025-06-01 00:46:10] [32minfo[39m: 🚀 Server is running on port 3008
{
  "service": "comments-service"
}
[2025-06-01 00:47:41] [32minfo[39m: 🛑 Shutting down server...
[2025-06-01 00:50:42] [32minfo[39m: Environment variables loaded
{
  "PORT": 3008,
  "DB_HOST": "localhost",
  "DB_PORT": "5432",
  "DB_NAME": "comments_db",
  "DB_USER": "***"
}
[2025-06-01 00:50:42] [32minfo[39m: 🚀 Starting Comments Service...
[2025-06-01 00:50:42] [32minfo[39m: 🔄 Đang khởi tạo cơ sở dữ liệu...
[2025-06-01 00:50:42] [32minfo[39m: ✅ Cơ sở dữ liệu đã được khởi tạo thành công
[2025-06-01 00:50:42] [32minfo[39m: 🚀 Server is running on port 3008
{
  "service": "comments-service"
}
[2025-06-01 00:57:41] [32minfo[39m: 🛑 Shutting down server...
[2025-06-01 01:03:30] [32minfo[39m: Environment variables loaded
{
  "PORT": 3008,
  "DB_HOST": "localhost",
  "DB_PORT": "5432",
  "DB_NAME": "comments_db",
  "DB_USER": "***"
}
[2025-06-01 01:03:30] [32minfo[39m: 🚀 Starting Comments Service...
[2025-06-01 01:03:30] [32minfo[39m: 🔄 Đang khởi tạo cơ sở dữ liệu...
[2025-06-01 01:03:30] [32minfo[39m: ✅ Cơ sở dữ liệu đã được khởi tạo thành công
[2025-06-01 01:03:30] [32minfo[39m: 🚀 Server is running on port 3008
{
  "service": "comments-service"
}
[2025-06-01 01:07:12] [32minfo[39m: 🛑 Shutting down server...
[2025-06-01 01:07:22] [32minfo[39m: Environment variables loaded
{
  "PORT": 3008,
  "DB_HOST": "localhost",
  "DB_PORT": "5432",
  "DB_NAME": "comments_db",
  "DB_USER": "***"
}
[2025-06-01 01:07:22] [32minfo[39m: 🚀 Starting Comments Service...
[2025-06-01 01:07:22] [32minfo[39m: 🔄 Đang khởi tạo cơ sở dữ liệu...
[2025-06-01 01:07:22] [32minfo[39m: ✅ Cơ sở dữ liệu đã được khởi tạo thành công
[2025-06-01 01:07:22] [32minfo[39m: 🚀 Server is running on port 3008
{
  "service": "comments-service"
}
[2025-06-01 01:07:41] [32minfo[39m: 🛑 Shutting down server...
[2025-06-01 01:08:05] [32minfo[39m: Environment variables loaded
{
  "PORT": 3008,
  "DB_HOST": "localhost",
  "DB_PORT": "5432",
  "DB_NAME": "comments_db",
  "DB_USER": "***"
}
[2025-06-01 01:08:05] [32minfo[39m: 🚀 Starting Comments Service...
[2025-06-01 01:08:05] [32minfo[39m: 🔄 Đang khởi tạo cơ sở dữ liệu...
[2025-06-01 01:08:05] [32minfo[39m: ✅ Cơ sở dữ liệu đã được khởi tạo thành công
[2025-06-01 01:08:05] [32minfo[39m: 🚀 Server is running on port 3008
{
  "service": "comments-service"
}
[2025-06-01 01:08:37] [32minfo[39m: 🛑 Shutting down server...
[2025-06-01 01:08:58] [32minfo[39m: Environment variables loaded
{
  "PORT": 3008,
  "DB_HOST": "localhost",
  "DB_PORT": "5432",
  "DB_NAME": "comments_db",
  "DB_USER": "***"
}
[2025-06-01 01:08:58] [32minfo[39m: 🚀 Starting Comments Service...
[2025-06-01 01:08:58] [32minfo[39m: 🔄 Đang khởi tạo cơ sở dữ liệu...
[2025-06-01 01:08:58] [32minfo[39m: ✅ Cơ sở dữ liệu đã được khởi tạo thành công
[2025-06-01 01:08:58] [32minfo[39m: 🚀 Server is running on port 3008
{
  "service": "comments-service"
}
[2025-06-01 01:20:44] [32minfo[39m: Environment variables loaded
{
  "PORT": 3008,
  "DB_HOST": "localhost",
  "DB_PORT": "5432",
  "DB_NAME": "comments_db",
  "DB_USER": "***"
}
[2025-06-01 01:20:44] [32minfo[39m: 🚀 Starting Comments Service...
[2025-06-01 01:20:44] [32minfo[39m: 🔄 Đang khởi tạo cơ sở dữ liệu...
[2025-06-01 01:20:44] [32minfo[39m: ✅ Cơ sở dữ liệu đã được khởi tạo thành công
[2025-06-01 01:20:44] [32minfo[39m: 🚀 Server is running on port 3008
{
  "service": "comments-service"
}
[2025-06-01 01:34:03] [32minfo[39m: 🛑 Shutting down server...
[2025-06-01 01:34:15] [32minfo[39m: Environment variables loaded
{
  "PORT": 3008,
  "DB_HOST": "localhost",
  "DB_PORT": "5432",
  "DB_NAME": "comments_db",
  "DB_USER": "***"
}
[2025-06-01 01:34:15] [32minfo[39m: 🚀 Starting Comments Service...
[2025-06-01 01:34:15] [32minfo[39m: 🔄 Đang khởi tạo cơ sở dữ liệu...
[2025-06-01 01:34:15] [32minfo[39m: ✅ Cơ sở dữ liệu đã được khởi tạo thành công
[2025-06-01 01:34:15] [32minfo[39m: 🚀 Server is running on port 3008
{
  "service": "comments-service"
}
[2025-06-01 02:13:42] [32minfo[39m: Environment variables loaded
{
  "PORT": 3008,
  "DB_HOST": "localhost",
  "DB_PORT": "5432",
  "DB_NAME": "comments_db",
  "DB_USER": "***"
}
[2025-06-01 02:13:42] [32minfo[39m: 🚀 Starting Comments Service...
[2025-06-01 02:13:42] [32minfo[39m: 🔄 Đang khởi tạo cơ sở dữ liệu...
[2025-06-01 02:13:42] [32minfo[39m: ✅ Cơ sở dữ liệu đã được khởi tạo thành công
[2025-06-01 02:13:42] [32minfo[39m: 🚀 Server is running on port 3008
{
  "service": "comments-service"
}
[2025-06-01 08:05:00] [32minfo[39m: Environment variables loaded
{
  "PORT": 3008,
  "DB_HOST": "localhost",
  "DB_PORT": "5432",
  "DB_NAME": "comments_db",
  "DB_USER": "***"
}
[2025-06-01 08:05:00] [32minfo[39m: 🚀 Starting Comments Service...
[2025-06-01 08:05:00] [32minfo[39m: 🔄 Đang khởi tạo cơ sở dữ liệu...
[2025-06-01 08:05:00] [32minfo[39m: ✅ Cơ sở dữ liệu đã được khởi tạo thành công
[2025-06-01 08:05:00] [32minfo[39m: 🚀 Server is running on port 3008
{
  "service": "comments-service"
}
[2025-06-01 09:21:39] [32minfo[39m: Environment variables loaded
{
  "PORT": 3008,
  "DB_HOST": "localhost",
  "DB_PORT": "5432",
  "DB_NAME": "comments_db",
  "DB_USER": "***"
}
[2025-06-01 09:21:39] [32minfo[39m: 🚀 Starting Comments Service...
[2025-06-01 09:21:39] [32minfo[39m: 🔄 Đang khởi tạo cơ sở dữ liệu...
[2025-06-01 09:21:39] [32minfo[39m: ✅ Cơ sở dữ liệu đã được khởi tạo thành công
[2025-06-01 09:21:39] [32minfo[39m: 🚀 Server is running on port 3008
{
  "service": "comments-service"
}
[2025-06-01 09:27:47] [32minfo[39m: 🛑 Shutting down server...
[2025-06-01 09:27:58] [32minfo[39m: Environment variables loaded
{
  "PORT": 3008,
  "DB_HOST": "localhost",
  "DB_PORT": "5432",
  "DB_NAME": "comments_db",
  "DB_USER": "***"
}
[2025-06-01 09:27:58] [32minfo[39m: 🚀 Starting Comments Service...
[2025-06-01 09:27:58] [32minfo[39m: 🔄 Đang khởi tạo cơ sở dữ liệu...
[2025-06-01 09:27:58] [32minfo[39m: ✅ Cơ sở dữ liệu đã được khởi tạo thành công
[2025-06-01 09:27:58] [32minfo[39m: 🚀 Server is running on port 3008
{
  "service": "comments-service"
}
[2025-06-01 09:41:52] [32minfo[39m: Environment variables loaded
{
  "PORT": 3008,
  "DB_HOST": "localhost",
  "DB_PORT": "5432",
  "DB_NAME": "comments_db",
  "DB_USER": "***"
}
[2025-06-01 09:41:52] [32minfo[39m: 🚀 Starting Comments Service...
[2025-06-01 09:41:52] [32minfo[39m: 🔄 Đang khởi tạo cơ sở dữ liệu...
[2025-06-01 09:41:52] [32minfo[39m: ✅ Cơ sở dữ liệu đã được khởi tạo thành công
[2025-06-01 09:41:52] [32minfo[39m: 🚀 Server is running on port 3008
{
  "service": "comments-service"
}
[2025-06-01 09:48:26] [32minfo[39m: 🛑 Shutting down server...
[2025-06-01 09:48:35] [32minfo[39m: Environment variables loaded
{
  "PORT": 3008,
  "DB_HOST": "localhost",
  "DB_PORT": "5432",
  "DB_NAME": "comments_db",
  "DB_USER": "***"
}
[2025-06-01 09:48:35] [32minfo[39m: 🚀 Starting Comments Service...
[2025-06-01 09:48:35] [32minfo[39m: 🔄 Đang khởi tạo cơ sở dữ liệu...
[2025-06-01 09:48:35] [32minfo[39m: ✅ Cơ sở dữ liệu đã được khởi tạo thành công
[2025-06-01 09:48:35] [32minfo[39m: 🚀 Server is running on port 3008
{
  "service": "comments-service"
}
[2025-06-01 09:55:31] [32minfo[39m: 🛑 Shutting down server...
[2025-06-01 09:57:31] [32minfo[39m: Environment variables loaded
{
  "PORT": 3008,
  "DB_HOST": "localhost",
  "DB_PORT": "5432",
  "DB_NAME": "comments_db",
  "DB_USER": "***"
}
[2025-06-01 09:57:31] [32minfo[39m: 🚀 Starting Comments Service...
[2025-06-01 09:57:31] [32minfo[39m: 🔄 Đang khởi tạo cơ sở dữ liệu...
[2025-06-01 09:57:32] [32minfo[39m: ✅ Cơ sở dữ liệu đã được khởi tạo thành công
[2025-06-01 09:57:32] [32minfo[39m: 🚀 Server is running on port 3008
{
  "service": "comments-service"
}
[2025-06-01 10:02:53] [32minfo[39m: 🛑 Shutting down server...
[2025-06-01 10:03:02] [32minfo[39m: Environment variables loaded
{
  "PORT": 3008,
  "DB_HOST": "localhost",
  "DB_PORT": "5432",
  "DB_NAME": "comments_db",
  "DB_USER": "***"
}
[2025-06-01 10:03:02] [32minfo[39m: 🚀 Starting Comments Service...
[2025-06-01 10:03:02] [32minfo[39m: 🔄 Đang khởi tạo cơ sở dữ liệu...
[2025-06-01 10:03:02] [32minfo[39m: ✅ Cơ sở dữ liệu đã được khởi tạo thành công
[2025-06-01 10:03:02] [32minfo[39m: 🚀 Server is running on port 3008
{
  "service": "comments-service"
}
[2025-06-01 10:19:39] [32minfo[39m: 🛑 Shutting down server...
[2025-06-01 10:19:48] [32minfo[39m: Environment variables loaded
{
  "PORT": 3008,
  "DB_HOST": "localhost",
  "DB_PORT": "5432",
  "DB_NAME": "comments_db",
  "DB_USER": "***"
}
[2025-06-01 10:19:48] [32minfo[39m: 🚀 Starting Comments Service...
[2025-06-01 10:19:48] [32minfo[39m: 🔄 Đang khởi tạo cơ sở dữ liệu...
[2025-06-01 10:19:48] [32minfo[39m: ✅ Cơ sở dữ liệu đã được khởi tạo thành công
[2025-06-01 10:19:48] [32minfo[39m: 🚀 Server is running on port 3008
{
  "service": "comments-service"
}
[2025-06-01 10:35:45] [32minfo[39m: 🛑 Shutting down server...
[2025-06-01 10:35:57] [32minfo[39m: Environment variables loaded
{
  "PORT": 3008,
  "DB_HOST": "localhost",
  "DB_PORT": "5432",
  "DB_NAME": "comments_db",
  "DB_USER": "***"
}
[2025-06-01 10:35:57] [32minfo[39m: 🚀 Starting Comments Service...
[2025-06-01 10:35:57] [32minfo[39m: 🔄 Đang khởi tạo cơ sở dữ liệu...
[2025-06-01 10:35:57] [32minfo[39m: ✅ Cơ sở dữ liệu đã được khởi tạo thành công
[2025-06-01 10:35:57] [32minfo[39m: 🚀 Server is running on port 3008
{
  "service": "comments-service"
}
[2025-06-01 10:41:04] [32minfo[39m: 🛑 Shutting down server...
[2025-06-01 10:41:15] [32minfo[39m: Environment variables loaded
{
  "PORT": 3008,
  "DB_HOST": "localhost",
  "DB_PORT": "5432",
  "DB_NAME": "comments_db",
  "DB_USER": "***"
}
[2025-06-01 10:41:15] [32minfo[39m: 🚀 Starting Comments Service...
[2025-06-01 10:41:15] [32minfo[39m: 🔄 Đang khởi tạo cơ sở dữ liệu...
[2025-06-01 10:41:15] [32minfo[39m: ✅ Cơ sở dữ liệu đã được khởi tạo thành công
[2025-06-01 10:41:15] [32minfo[39m: 🚀 Server is running on port 3008
{
  "service": "comments-service"
}
[2025-06-01 10:45:03] [32minfo[39m: 🛑 Shutting down server...
[2025-06-01 10:45:12] [32minfo[39m: Environment variables loaded
{
  "PORT": 3008,
  "DB_HOST": "localhost",
  "DB_PORT": "5432",
  "DB_NAME": "comments_db",
  "DB_USER": "***"
}
[2025-06-01 10:45:12] [32minfo[39m: 🚀 Starting Comments Service...
[2025-06-01 10:45:12] [32minfo[39m: 🔄 Đang khởi tạo cơ sở dữ liệu...
[2025-06-01 10:45:12] [32minfo[39m: ✅ Cơ sở dữ liệu đã được khởi tạo thành công
[2025-06-01 10:45:12] [32minfo[39m: 🚀 Server is running on port 3008
{
  "service": "comments-service"
}
[2025-06-01 10:53:38] [32minfo[39m: 🛑 Shutting down server...
[2025-06-01 10:53:48] [32minfo[39m: Environment variables loaded
{
  "PORT": 3008,
  "DB_HOST": "localhost",
  "DB_PORT": "5432",
  "DB_NAME": "comments_db",
  "DB_USER": "***"
}
[2025-06-01 10:53:48] [32minfo[39m: 🚀 Starting Comments Service...
[2025-06-01 10:53:48] [32minfo[39m: 🔄 Đang khởi tạo cơ sở dữ liệu...
[2025-06-01 10:53:48] [32minfo[39m: ✅ Cơ sở dữ liệu đã được khởi tạo thành công
[2025-06-01 10:53:48] [32minfo[39m: 🚀 Server is running on port 3008
{
  "service": "comments-service"
}
[2025-06-01 13:05:41] [32minfo[39m: Environment variables loaded
{
  "PORT": 3008,
  "DB_HOST": "localhost",
  "DB_PORT": "5432",
  "DB_NAME": "comments_db",
  "DB_USER": "***"
}
[2025-06-01 13:05:41] [32minfo[39m: 🚀 Starting Comments Service...
[2025-06-01 13:05:41] [32minfo[39m: 🔄 Đang khởi tạo cơ sở dữ liệu...
[2025-06-01 13:05:41] [32minfo[39m: ✅ Cơ sở dữ liệu đã được khởi tạo thành công
[2025-06-01 13:05:41] [32minfo[39m: 🚀 Server is running on port 3008
{
  "service": "comments-service"
}
[2025-06-01 14:04:49] [32minfo[39m: 🛑 Shutting down server...
[2025-06-01 14:05:27] [32minfo[39m: Environment variables loaded
{
  "PORT": 3008,
  "DB_HOST": "localhost",
  "DB_PORT": "5432",
  "DB_NAME": "comments_db",
  "DB_USER": "***"
}
[2025-06-01 14:05:27] [32minfo[39m: 🚀 Starting Comments Service...
[2025-06-01 14:05:27] [32minfo[39m: 🔄 Đang khởi tạo cơ sở dữ liệu...
[2025-06-01 14:05:27] [32minfo[39m: ✅ Cơ sở dữ liệu đã được khởi tạo thành công
[2025-06-01 14:05:27] [32minfo[39m: 🚀 Server is running on port 3008
{
  "service": "comments-service"
}
[2025-06-01 14:18:19] [32minfo[39m: Environment variables loaded
{
  "PORT": 3008,
  "DB_HOST": "localhost",
  "DB_PORT": "5432",
  "DB_NAME": "comments_db",
  "DB_USER": "***"
}
[2025-06-01 14:18:19] [32minfo[39m: 🚀 Starting Comments Service...
[2025-06-01 14:18:19] [32minfo[39m: 🔄 Đang khởi tạo cơ sở dữ liệu...
[2025-06-01 14:18:19] [32minfo[39m: ✅ Cơ sở dữ liệu đã được khởi tạo thành công
[2025-06-01 14:18:19] [32minfo[39m: 🚀 Server is running on port 3008
{
  "service": "comments-service"
}
[2025-06-01 14:37:37] [32minfo[39m: Environment variables loaded
{
  "PORT": 3008,
  "DB_HOST": "localhost",
  "DB_PORT": "5432",
  "DB_NAME": "comments_db",
  "DB_USER": "***"
}
[2025-06-01 14:37:37] [32minfo[39m: 🚀 Starting Comments Service...
[2025-06-01 14:37:37] [32minfo[39m: 🔄 Đang khởi tạo cơ sở dữ liệu...
[2025-06-01 14:37:37] [32minfo[39m: ✅ Cơ sở dữ liệu đã được khởi tạo thành công
[2025-06-01 14:37:37] [32minfo[39m: 🚀 Server is running on port 3008
{
  "service": "comments-service"
}
[2025-06-01 14:42:32] [32minfo[39m: Environment variables loaded
{
  "PORT": 3008,
  "DB_HOST": "localhost",
  "DB_PORT": "5432",
  "DB_NAME": "comments_db",
  "DB_USER": "***"
}
[2025-06-01 14:42:32] [32minfo[39m: 🚀 Starting Comments Service...
[2025-06-01 14:42:32] [32minfo[39m: 🔄 Đang khởi tạo cơ sở dữ liệu...
[2025-06-01 14:42:32] [32minfo[39m: ✅ Cơ sở dữ liệu đã được khởi tạo thành công
[2025-06-01 14:42:32] [32minfo[39m: 🚀 Server is running on port 3008
{
  "service": "comments-service"
}
[2025-06-01 14:47:33] [32minfo[39m: 🛑 Shutting down server...
[2025-06-01 14:49:27] [32minfo[39m: Environment variables loaded
{
  "PORT": 3008,
  "DB_HOST": "localhost",
  "DB_PORT": "5432",
  "DB_NAME": "comments_db",
  "DB_USER": "***"
}
[2025-06-01 14:49:27] [32minfo[39m: 🚀 Starting Comments Service...
[2025-06-01 14:49:27] [32minfo[39m: 🔄 Đang khởi tạo cơ sở dữ liệu...
[2025-06-01 14:49:27] [32minfo[39m: ✅ Cơ sở dữ liệu đã được khởi tạo thành công
[2025-06-01 14:49:27] [32minfo[39m: 🚀 Server is running on port 3008
{
  "service": "comments-service"
}
[2025-06-01 14:50:32] [32minfo[39m: 🛑 Shutting down server...
[2025-06-01 14:50:42] [32minfo[39m: Environment variables loaded
{
  "PORT": 3008,
  "DB_HOST": "localhost",
  "DB_PORT": "5432",
  "DB_NAME": "comments_db",
  "DB_USER": "***"
}
[2025-06-01 14:50:42] [32minfo[39m: 🚀 Starting Comments Service...
[2025-06-01 14:50:42] [32minfo[39m: 🔄 Đang khởi tạo cơ sở dữ liệu...
[2025-06-01 14:50:42] [32minfo[39m: ✅ Cơ sở dữ liệu đã được khởi tạo thành công
[2025-06-01 14:50:42] [32minfo[39m: 🚀 Server is running on port 3008
{
  "service": "comments-service"
}
[2025-06-01 17:16:55] [32minfo[39m: 🛑 Shutting down server...
[2025-06-01 17:17:05] [32minfo[39m: Environment variables loaded
{
  "PORT": 3008,
  "DB_HOST": "localhost",
  "DB_PORT": "5432",
  "DB_NAME": "comments_db",
  "DB_USER": "***"
}
[2025-06-01 17:17:05] [32minfo[39m: 🚀 Starting Comments Service...
[2025-06-01 17:17:05] [32minfo[39m: 🔄 Đang khởi tạo cơ sở dữ liệu...
[2025-06-01 17:17:06] [32minfo[39m: ✅ Cơ sở dữ liệu đã được khởi tạo thành công
[2025-06-01 17:17:06] [32minfo[39m: 🚀 Server is running on port 3008
{
  "service": "comments-service"
}
[2025-06-01 18:46:43] [32minfo[39m: 🛑 Shutting down server...
[2025-06-01 18:46:56] [32minfo[39m: Environment variables loaded
{
  "PORT": 3008,
  "DB_HOST": "localhost",
  "DB_PORT": "5432",
  "DB_NAME": "comments_db",
  "DB_USER": "***"
}
[2025-06-01 18:46:56] [32minfo[39m: 🚀 Starting Comments Service...
[2025-06-01 18:46:56] [32minfo[39m: 🔄 Đang khởi tạo cơ sở dữ liệu...
[2025-06-01 18:46:56] [32minfo[39m: ✅ Cơ sở dữ liệu đã được khởi tạo thành công
[2025-06-01 18:46:56] [32minfo[39m: 🚀 Server is running on port 3008
{
  "service": "comments-service"
}
[2025-06-01 18:53:34] [32minfo[39m: 🛑 Shutting down server...
[2025-06-01 18:53:45] [32minfo[39m: Environment variables loaded
{
  "PORT": 3008,
  "DB_HOST": "localhost",
  "DB_PORT": "5432",
  "DB_NAME": "comments_db",
  "DB_USER": "***"
}
[2025-06-01 18:53:45] [32minfo[39m: 🚀 Starting Comments Service...
[2025-06-01 18:53:45] [32minfo[39m: 🔄 Đang khởi tạo cơ sở dữ liệu...
[2025-06-01 18:53:45] [32minfo[39m: ✅ Cơ sở dữ liệu đã được khởi tạo thành công
[2025-06-01 18:53:45] [32minfo[39m: 🚀 Server is running on port 3008
{
  "service": "comments-service"
}
[2025-06-01 19:24:51] [32minfo[39m: Environment variables loaded
{
  "PORT": 3008,
  "DB_HOST": "localhost",
  "DB_PORT": "5432",
  "DB_NAME": "comments_db",
  "DB_USER": "***"
}
[2025-06-01 19:24:51] [32minfo[39m: 🚀 Starting Comments Service...
[2025-06-01 19:24:51] [32minfo[39m: 🔄 Đang khởi tạo cơ sở dữ liệu...
[2025-06-01 19:24:51] [32minfo[39m: ✅ Cơ sở dữ liệu đã được khởi tạo thành công
[2025-06-01 19:24:51] [32minfo[39m: 🚀 Server is running on port 3008
{
  "service": "comments-service"
}
[2025-06-01 19:26:11] [32minfo[39m: 🛑 Shutting down server...
[2025-06-01 19:26:21] [32minfo[39m: Environment variables loaded
{
  "PORT": 3008,
  "DB_HOST": "localhost",
  "DB_PORT": "5432",
  "DB_NAME": "comments_db",
  "DB_USER": "***"
}
[2025-06-01 19:26:21] [32minfo[39m: 🚀 Starting Comments Service...
[2025-06-01 19:26:21] [32minfo[39m: 🔄 Đang khởi tạo cơ sở dữ liệu...
[2025-06-01 19:26:21] [32minfo[39m: ✅ Cơ sở dữ liệu đã được khởi tạo thành công
[2025-06-01 19:26:21] [32minfo[39m: 🚀 Server is running on port 3008
{
  "service": "comments-service"
}
[2025-06-01 19:58:17] [32minfo[39m: Environment variables loaded
{
  "PORT": 3008,
  "DB_HOST": "localhost",
  "DB_PORT": "5432",
  "DB_NAME": "comments_db",
  "DB_USER": "***"
}
[2025-06-01 19:58:17] [32minfo[39m: 🚀 Starting Comments Service...
[2025-06-01 19:58:17] [32minfo[39m: 🔄 Đang khởi tạo cơ sở dữ liệu...
[2025-06-01 19:58:17] [32minfo[39m: ✅ Cơ sở dữ liệu đã được khởi tạo thành công
[2025-06-01 19:58:17] [32minfo[39m: 🚀 Server is running on port 3008
{
  "service": "comments-service"
}
[2025-06-01 21:31:30] [32minfo[39m: 🛑 Shutting down server...
[2025-06-01 21:31:40] [32minfo[39m: Environment variables loaded
{
  "PORT": 3008,
  "DB_HOST": "localhost",
  "DB_PORT": "5432",
  "DB_NAME": "comments_db",
  "DB_USER": "***"
}
[2025-06-01 21:31:40] [32minfo[39m: 🚀 Starting Comments Service...
[2025-06-01 21:31:40] [32minfo[39m: 🔄 Đang khởi tạo cơ sở dữ liệu...
[2025-06-01 21:31:40] [32minfo[39m: ✅ Cơ sở dữ liệu đã được khởi tạo thành công
[2025-06-01 21:31:40] [32minfo[39m: 🚀 Server is running on port 3008
{
  "service": "comments-service"
}
