[2025-06-16 10:17:29] [32minfo[39m: Environment variables loaded
{
  "NODE_ENV": "development",
  "PORT": 3008,
  "DB_HOST": "localhost",
  "DB_PORT": "5432",
  "DB_NAME": "comments_db",
  "DB_USER": "***"
}
[2025-06-16 10:17:29] [32minfo[39m: 🚀 Starting Comments Service...
[2025-06-16 10:17:29] [32minfo[39m: 🔄 Đang khởi tạo cơ sở dữ liệu...
[2025-06-16 10:17:29] [34mdebug[39m: Executed query
{
  "text": "\n      CREATE TABLE IF NOT EXISTS comments (\n        id SERIAL PRIMARY KEY,\n        content TEXT NOT NULL,\n        user_id INTEGER NOT NULL,\n        post_id INTEGER NOT NULL,\n        parent_id INTEGER REFERENCES comments(id) ON DELETE CASCADE,\n        is_approved BOOLEAN DEFAULT false,\n        created_at TIMESTAMP WITH TIME ZONE DEFAULT CURRENT_TIMESTAMP,\n        updated_at TIMESTAMP WITH TIME ZONE DEFAULT CURRENT_TIMESTAMP,\n        deleted_at TIMESTAMP WITH TIME ZONE\n      );\n    ",
  "duration": "69ms",
  "rows": null
}
[2025-06-16 10:17:29] [34mdebug[39m: Executed query
{
  "text": "CREATE INDEX IF NOT EXISTS idx_comments_post_id ON comments(post_id)",
  "duration": "4ms",
  "rows": null
}
[2025-06-16 10:17:29] [34mdebug[39m: Executed query
{
  "text": "CREATE INDEX IF NOT EXISTS idx_comments_user_id ON comments(user_id)",
  "duration": "1ms",
  "rows": null
}
[2025-06-16 10:17:29] [34mdebug[39m: Executed query
{
  "text": "CREATE INDEX IF NOT EXISTS idx_comments_parent_id ON comments(parent_id)",
  "duration": "1ms",
  "rows": null
}
[2025-06-16 10:17:29] [34mdebug[39m: Executed query
{
  "text": "CREATE INDEX IF NOT EXISTS idx_comments_is_approved ON comments(is_approved)",
  "duration": "1ms",
  "rows": null
}
[2025-06-16 10:17:29] [32minfo[39m: ✅ Cơ sở dữ liệu đã được khởi tạo thành công
[2025-06-16 10:17:29] [32minfo[39m: 🚀 Server is running on port 3008
{
  "service": "comments-service"
}
[2025-06-16 10:23:41] [32minfo[39m: 🛑 Shutting down server...
[2025-06-16 10:23:58] [32minfo[39m: Environment variables loaded
{
  "NODE_ENV": "development",
  "PORT": 3008,
  "DB_HOST": "localhost",
  "DB_PORT": "5432",
  "DB_NAME": "comments_db",
  "DB_USER": "***"
}
[2025-06-16 10:23:58] [32minfo[39m: 🚀 Starting Comments Service...
[2025-06-16 10:23:58] [32minfo[39m: 🔄 Đang khởi tạo cơ sở dữ liệu...
[2025-06-16 10:23:58] [34mdebug[39m: Executed query
{
  "text": "\n      CREATE TABLE IF NOT EXISTS comments (\n        id SERIAL PRIMARY KEY,\n        content TEXT NOT NULL,\n        user_id INTEGER NOT NULL,\n        post_id INTEGER NOT NULL,\n        parent_id INTEGER REFERENCES comments(id) ON DELETE CASCADE,\n        is_approved BOOLEAN DEFAULT false,\n        created_at TIMESTAMP WITH TIME ZONE DEFAULT CURRENT_TIMESTAMP,\n        updated_at TIMESTAMP WITH TIME ZONE DEFAULT CURRENT_TIMESTAMP,\n        deleted_at TIMESTAMP WITH TIME ZONE\n      );\n    ",
  "duration": "61ms",
  "rows": null
}
[2025-06-16 10:23:58] [34mdebug[39m: Executed query
{
  "text": "CREATE INDEX IF NOT EXISTS idx_comments_post_id ON comments(post_id)",
  "duration": "1ms",
  "rows": null
}
[2025-06-16 10:23:58] [34mdebug[39m: Executed query
{
  "text": "CREATE INDEX IF NOT EXISTS idx_comments_user_id ON comments(user_id)",
  "duration": "0ms",
  "rows": null
}
[2025-06-16 10:23:58] [34mdebug[39m: Executed query
{
  "text": "CREATE INDEX IF NOT EXISTS idx_comments_parent_id ON comments(parent_id)",
  "duration": "0ms",
  "rows": null
}
[2025-06-16 10:23:58] [34mdebug[39m: Executed query
{
  "text": "CREATE INDEX IF NOT EXISTS idx_comments_is_approved ON comments(is_approved)",
  "duration": "0ms",
  "rows": null
}
[2025-06-16 10:23:58] [32minfo[39m: ✅ Cơ sở dữ liệu đã được khởi tạo thành công
[2025-06-16 10:23:58] [32minfo[39m: 🚀 Server is running on port 3008
{
  "service": "comments-service"
}
[2025-06-16 10:25:19] [32minfo[39m: 🛑 Shutting down server...
[2025-06-16 10:25:28] [32minfo[39m: Environment variables loaded
{
  "NODE_ENV": "development",
  "PORT": 3008,
  "DB_HOST": "localhost",
  "DB_PORT": "5432",
  "DB_NAME": "comments_db",
  "DB_USER": "***"
}
[2025-06-16 10:25:28] [32minfo[39m: 🚀 Starting Comments Service...
[2025-06-16 10:25:28] [32minfo[39m: 🔄 Đang khởi tạo cơ sở dữ liệu...
[2025-06-16 10:25:28] [34mdebug[39m: Executed query
{
  "text": "\n      CREATE TABLE IF NOT EXISTS comments (\n        id SERIAL PRIMARY KEY,\n        content TEXT NOT NULL,\n        user_id INTEGER NOT NULL,\n        post_id INTEGER NOT NULL,\n        parent_id INTEGER REFERENCES comments(id) ON DELETE CASCADE,\n        is_approved BOOLEAN DEFAULT false,\n        created_at TIMESTAMP WITH TIME ZONE DEFAULT CURRENT_TIMESTAMP,\n        updated_at TIMESTAMP WITH TIME ZONE DEFAULT CURRENT_TIMESTAMP,\n        deleted_at TIMESTAMP WITH TIME ZONE\n      );\n    ",
  "duration": "59ms",
  "rows": null
}
[2025-06-16 10:25:28] [34mdebug[39m: Executed query
{
  "text": "CREATE INDEX IF NOT EXISTS idx_comments_post_id ON comments(post_id)",
  "duration": "1ms",
  "rows": null
}
[2025-06-16 10:25:28] [34mdebug[39m: Executed query
{
  "text": "CREATE INDEX IF NOT EXISTS idx_comments_user_id ON comments(user_id)",
  "duration": "1ms",
  "rows": null
}
[2025-06-16 10:25:28] [34mdebug[39m: Executed query
{
  "text": "CREATE INDEX IF NOT EXISTS idx_comments_parent_id ON comments(parent_id)",
  "duration": "0ms",
  "rows": null
}
[2025-06-16 10:25:28] [34mdebug[39m: Executed query
{
  "text": "CREATE INDEX IF NOT EXISTS idx_comments_is_approved ON comments(is_approved)",
  "duration": "0ms",
  "rows": null
}
[2025-06-16 10:25:28] [32minfo[39m: ✅ Cơ sở dữ liệu đã được khởi tạo thành công
[2025-06-16 10:25:28] [32minfo[39m: 🚀 Server is running on port 3008
{
  "service": "comments-service"
}
[2025-06-16 10:28:58] [32minfo[39m: Environment variables loaded
{
  "NODE_ENV": "development",
  "PORT": 3008,
  "DB_HOST": "localhost",
  "DB_PORT": "5432",
  "DB_NAME": "comments_db",
  "DB_USER": "***"
}
[2025-06-16 10:28:58] [32minfo[39m: 🚀 Starting Comments Service...
[2025-06-16 10:28:58] [32minfo[39m: 🔄 Đang khởi tạo cơ sở dữ liệu...
[2025-06-16 10:28:59] [34mdebug[39m: Executed query
{
  "text": "\n      CREATE TABLE IF NOT EXISTS comments (\n        id SERIAL PRIMARY KEY,\n        content TEXT NOT NULL,\n        user_id INTEGER NOT NULL,\n        post_id INTEGER NOT NULL,\n        parent_id INTEGER REFERENCES comments(id) ON DELETE CASCADE,\n        is_approved BOOLEAN DEFAULT false,\n        created_at TIMESTAMP WITH TIME ZONE DEFAULT CURRENT_TIMESTAMP,\n        updated_at TIMESTAMP WITH TIME ZONE DEFAULT CURRENT_TIMESTAMP,\n        deleted_at TIMESTAMP WITH TIME ZONE\n      );\n    ",
  "duration": "75ms",
  "rows": null
}
[2025-06-16 10:28:59] [34mdebug[39m: Executed query
{
  "text": "CREATE INDEX IF NOT EXISTS idx_comments_post_id ON comments(post_id)",
  "duration": "1ms",
  "rows": null
}
[2025-06-16 10:28:59] [34mdebug[39m: Executed query
{
  "text": "CREATE INDEX IF NOT EXISTS idx_comments_user_id ON comments(user_id)",
  "duration": "0ms",
  "rows": null
}
[2025-06-16 10:28:59] [34mdebug[39m: Executed query
{
  "text": "CREATE INDEX IF NOT EXISTS idx_comments_parent_id ON comments(parent_id)",
  "duration": "0ms",
  "rows": null
}
[2025-06-16 10:28:59] [34mdebug[39m: Executed query
{
  "text": "CREATE INDEX IF NOT EXISTS idx_comments_is_approved ON comments(is_approved)",
  "duration": "1ms",
  "rows": null
}
[2025-06-16 10:28:59] [32minfo[39m: ✅ Cơ sở dữ liệu đã được khởi tạo thành công
[2025-06-16 10:28:59] [32minfo[39m: 🚀 Server is running on port 3008
{
  "service": "comments-service"
}
[2025-06-16 10:38:02] [32minfo[39m: Environment variables loaded
{
  "NODE_ENV": "development",
  "PORT": 3008,
  "DB_HOST": "localhost",
  "DB_PORT": "5432",
  "DB_NAME": "comments_db",
  "DB_USER": "***"
}
[2025-06-16 10:38:02] [32minfo[39m: 🚀 Starting Comments Service...
[2025-06-16 10:38:02] [32minfo[39m: 🔄 Đang khởi tạo cơ sở dữ liệu...
[2025-06-16 10:38:02] [34mdebug[39m: Executed query
{
  "text": "\n      CREATE TABLE IF NOT EXISTS comments (\n        id SERIAL PRIMARY KEY,\n        content TEXT NOT NULL,\n        user_id INTEGER NOT NULL,\n        post_id INTEGER NOT NULL,\n        parent_id INTEGER REFERENCES comments(id) ON DELETE CASCADE,\n        is_approved BOOLEAN DEFAULT false,\n        created_at TIMESTAMP WITH TIME ZONE DEFAULT CURRENT_TIMESTAMP,\n        updated_at TIMESTAMP WITH TIME ZONE DEFAULT CURRENT_TIMESTAMP,\n        deleted_at TIMESTAMP WITH TIME ZONE\n      );\n    ",
  "duration": "66ms",
  "rows": null
}
[2025-06-16 10:38:02] [34mdebug[39m: Executed query
{
  "text": "CREATE INDEX IF NOT EXISTS idx_comments_post_id ON comments(post_id)",
  "duration": "1ms",
  "rows": null
}
[2025-06-16 10:38:02] [34mdebug[39m: Executed query
{
  "text": "CREATE INDEX IF NOT EXISTS idx_comments_user_id ON comments(user_id)",
  "duration": "1ms",
  "rows": null
}
[2025-06-16 10:38:02] [34mdebug[39m: Executed query
{
  "text": "CREATE INDEX IF NOT EXISTS idx_comments_parent_id ON comments(parent_id)",
  "duration": "1ms",
  "rows": null
}
[2025-06-16 10:38:02] [34mdebug[39m: Executed query
{
  "text": "CREATE INDEX IF NOT EXISTS idx_comments_is_approved ON comments(is_approved)",
  "duration": "1ms",
  "rows": null
}
[2025-06-16 10:38:02] [32minfo[39m: ✅ Cơ sở dữ liệu đã được khởi tạo thành công
[2025-06-16 10:38:02] [32minfo[39m: 🚀 Server is running on port 3008
{
  "service": "comments-service"
}
[2025-06-16 10:45:53] [32minfo[39m: Environment variables loaded
{
  "NODE_ENV": "development",
  "PORT": 3008,
  "DB_HOST": "localhost",
  "DB_PORT": "5432",
  "DB_NAME": "comments_db",
  "DB_USER": "***"
}
[2025-06-16 10:45:53] [32minfo[39m: 🚀 Starting Comments Service...
[2025-06-16 10:45:53] [32minfo[39m: 🔄 Đang khởi tạo cơ sở dữ liệu...
[2025-06-16 10:45:53] [34mdebug[39m: Executed query
{
  "text": "\n      CREATE TABLE IF NOT EXISTS comments (\n        id SERIAL PRIMARY KEY,\n        content TEXT NOT NULL,\n        user_id INTEGER NOT NULL,\n        post_id INTEGER NOT NULL,\n        parent_id INTEGER REFERENCES comments(id) ON DELETE CASCADE,\n        is_approved BOOLEAN DEFAULT false,\n        created_at TIMESTAMP WITH TIME ZONE DEFAULT CURRENT_TIMESTAMP,\n        updated_at TIMESTAMP WITH TIME ZONE DEFAULT CURRENT_TIMESTAMP,\n        deleted_at TIMESTAMP WITH TIME ZONE\n      );\n    ",
  "duration": "63ms",
  "rows": null
}
[2025-06-16 10:45:53] [34mdebug[39m: Executed query
{
  "text": "CREATE INDEX IF NOT EXISTS idx_comments_post_id ON comments(post_id)",
  "duration": "2ms",
  "rows": null
}
[2025-06-16 10:45:53] [34mdebug[39m: Executed query
{
  "text": "CREATE INDEX IF NOT EXISTS idx_comments_user_id ON comments(user_id)",
  "duration": "1ms",
  "rows": null
}
[2025-06-16 10:45:53] [34mdebug[39m: Executed query
{
  "text": "CREATE INDEX IF NOT EXISTS idx_comments_parent_id ON comments(parent_id)",
  "duration": "0ms",
  "rows": null
}
[2025-06-16 10:45:53] [34mdebug[39m: Executed query
{
  "text": "CREATE INDEX IF NOT EXISTS idx_comments_is_approved ON comments(is_approved)",
  "duration": "1ms",
  "rows": null
}
[2025-06-16 10:45:53] [32minfo[39m: ✅ Cơ sở dữ liệu đã được khởi tạo thành công
[2025-06-16 10:45:53] [32minfo[39m: 🚀 Server is running on port 3008
{
  "service": "comments-service"
}
[2025-06-16 10:59:59] [32minfo[39m: Environment variables loaded
{
  "NODE_ENV": "development",
  "PORT": 3008,
  "DB_HOST": "localhost",
  "DB_PORT": "5432",
  "DB_NAME": "comments_db",
  "DB_USER": "***"
}
[2025-06-16 10:59:59] [32minfo[39m: 🚀 Starting Comments Service...
[2025-06-16 10:59:59] [32minfo[39m: 🔄 Đang khởi tạo cơ sở dữ liệu...
[2025-06-16 10:59:59] [34mdebug[39m: Executed query
{
  "text": "\n      CREATE TABLE IF NOT EXISTS comments (\n        id SERIAL PRIMARY KEY,\n        content TEXT NOT NULL,\n        user_id INTEGER NOT NULL,\n        post_id INTEGER NOT NULL,\n        parent_id INTEGER REFERENCES comments(id) ON DELETE CASCADE,\n        is_approved BOOLEAN DEFAULT false,\n        created_at TIMESTAMP WITH TIME ZONE DEFAULT CURRENT_TIMESTAMP,\n        updated_at TIMESTAMP WITH TIME ZONE DEFAULT CURRENT_TIMESTAMP,\n        deleted_at TIMESTAMP WITH TIME ZONE\n      );\n    ",
  "duration": "57ms",
  "rows": null
}
[2025-06-16 10:59:59] [34mdebug[39m: Executed query
{
  "text": "CREATE INDEX IF NOT EXISTS idx_comments_post_id ON comments(post_id)",
  "duration": "1ms",
  "rows": null
}
[2025-06-16 10:59:59] [34mdebug[39m: Executed query
{
  "text": "CREATE INDEX IF NOT EXISTS idx_comments_user_id ON comments(user_id)",
  "duration": "0ms",
  "rows": null
}
[2025-06-16 10:59:59] [34mdebug[39m: Executed query
{
  "text": "CREATE INDEX IF NOT EXISTS idx_comments_parent_id ON comments(parent_id)",
  "duration": "1ms",
  "rows": null
}
[2025-06-16 10:59:59] [34mdebug[39m: Executed query
{
  "text": "CREATE INDEX IF NOT EXISTS idx_comments_is_approved ON comments(is_approved)",
  "duration": "1ms",
  "rows": null
}
[2025-06-16 10:59:59] [32minfo[39m: ✅ Cơ sở dữ liệu đã được khởi tạo thành công
[2025-06-16 10:59:59] [32minfo[39m: 🚀 Server is running on port 3008
{
  "service": "comments-service"
}
[2025-06-16 11:05:06] [32minfo[39m: Environment variables loaded
{
  "NODE_ENV": "development",
  "PORT": 3008,
  "DB_HOST": "localhost",
  "DB_PORT": "5432",
  "DB_NAME": "comments_db",
  "DB_USER": "***"
}
[2025-06-16 11:05:06] [32minfo[39m: 🚀 Starting Comments Service...
[2025-06-16 11:05:06] [32minfo[39m: 🔄 Đang khởi tạo cơ sở dữ liệu...
[2025-06-16 11:05:06] [34mdebug[39m: Executed query
{
  "text": "\n      CREATE TABLE IF NOT EXISTS comments (\n        id SERIAL PRIMARY KEY,\n        content TEXT NOT NULL,\n        user_id INTEGER NOT NULL,\n        post_id INTEGER NOT NULL,\n        parent_id INTEGER REFERENCES comments(id) ON DELETE CASCADE,\n        is_approved BOOLEAN DEFAULT false,\n        created_at TIMESTAMP WITH TIME ZONE DEFAULT CURRENT_TIMESTAMP,\n        updated_at TIMESTAMP WITH TIME ZONE DEFAULT CURRENT_TIMESTAMP,\n        deleted_at TIMESTAMP WITH TIME ZONE\n      );\n    ",
  "duration": "63ms",
  "rows": null
}
[2025-06-16 11:05:06] [34mdebug[39m: Executed query
{
  "text": "CREATE INDEX IF NOT EXISTS idx_comments_post_id ON comments(post_id)",
  "duration": "1ms",
  "rows": null
}
[2025-06-16 11:05:06] [34mdebug[39m: Executed query
{
  "text": "CREATE INDEX IF NOT EXISTS idx_comments_user_id ON comments(user_id)",
  "duration": "0ms",
  "rows": null
}
[2025-06-16 11:05:06] [34mdebug[39m: Executed query
{
  "text": "CREATE INDEX IF NOT EXISTS idx_comments_parent_id ON comments(parent_id)",
  "duration": "0ms",
  "rows": null
}
[2025-06-16 11:05:06] [34mdebug[39m: Executed query
{
  "text": "CREATE INDEX IF NOT EXISTS idx_comments_is_approved ON comments(is_approved)",
  "duration": "0ms",
  "rows": null
}
[2025-06-16 11:05:06] [32minfo[39m: ✅ Cơ sở dữ liệu đã được khởi tạo thành công
[2025-06-16 11:05:06] [32minfo[39m: 🚀 Server is running on port 3008
{
  "service": "comments-service"
}
[2025-06-16 11:30:56] [32minfo[39m: Environment variables loaded
{
  "NODE_ENV": "development",
  "PORT": 3008,
  "DB_HOST": "localhost",
  "DB_PORT": "5432",
  "DB_NAME": "comments_db",
  "DB_USER": "***"
}
[2025-06-16 11:30:56] [32minfo[39m: 🚀 Starting Comments Service...
[2025-06-16 11:30:56] [32minfo[39m: 🔄 Đang khởi tạo cơ sở dữ liệu...
[2025-06-16 11:30:56] [34mdebug[39m: Executed query
{
  "text": "\n      CREATE TABLE IF NOT EXISTS comments (\n        id SERIAL PRIMARY KEY,\n        content TEXT NOT NULL,\n        user_id INTEGER NOT NULL,\n        post_id INTEGER NOT NULL,\n        parent_id INTEGER REFERENCES comments(id) ON DELETE CASCADE,\n        is_approved BOOLEAN DEFAULT false,\n        created_at TIMESTAMP WITH TIME ZONE DEFAULT CURRENT_TIMESTAMP,\n        updated_at TIMESTAMP WITH TIME ZONE DEFAULT CURRENT_TIMESTAMP,\n        deleted_at TIMESTAMP WITH TIME ZONE\n      );\n    ",
  "duration": "169ms",
  "rows": null
}
[2025-06-16 11:30:56] [34mdebug[39m: Executed query
{
  "text": "CREATE INDEX IF NOT EXISTS idx_comments_post_id ON comments(post_id)",
  "duration": "2ms",
  "rows": null
}
[2025-06-16 11:30:56] [34mdebug[39m: Executed query
{
  "text": "CREATE INDEX IF NOT EXISTS idx_comments_user_id ON comments(user_id)",
  "duration": "1ms",
  "rows": null
}
[2025-06-16 11:30:56] [34mdebug[39m: Executed query
{
  "text": "CREATE INDEX IF NOT EXISTS idx_comments_parent_id ON comments(parent_id)",
  "duration": "0ms",
  "rows": null
}
[2025-06-16 11:30:56] [34mdebug[39m: Executed query
{
  "text": "CREATE INDEX IF NOT EXISTS idx_comments_is_approved ON comments(is_approved)",
  "duration": "1ms",
  "rows": null
}
[2025-06-16 11:30:56] [32minfo[39m: ✅ Cơ sở dữ liệu đã được khởi tạo thành công
[2025-06-16 11:30:56] [32minfo[39m: 🚀 Server is running on port 3008
{
  "service": "comments-service"
}
