[2025-05-31 00:07:56] [32minfo[39m: Environment variables loaded
{
  "PORT": 3008,
  "DB_HOST": "localhost",
  "DB_PORT": "5432",
  "DB_NAME": "comments_db",
  "DB_USER": "***"
}
[2025-05-31 00:07:56] [32minfo[39m: 🚀 Starting Comments Service...
[2025-05-31 00:07:56] [32minfo[39m: 🔄 Đang khởi tạo cơ sở dữ liệu...
[2025-05-31 00:07:56] [32minfo[39m: ✅ Cơ sở dữ liệu đã được khởi tạo thành công
[2025-05-31 00:07:56] [32minfo[39m: 🚀 Server is running on port 3008
{
  "service": "comments-service"
}
[2025-05-31 00:08:23] [32minfo[39m: Environment variables loaded
{
  "PORT": 3008,
  "DB_HOST": "localhost",
  "DB_PORT": "5432",
  "DB_NAME": "comments_db",
  "DB_USER": "***"
}
[2025-05-31 00:08:23] [32minfo[39m: 🚀 Starting Comments Service...
[2025-05-31 00:08:23] [32minfo[39m: 🔄 Đang khởi tạo cơ sở dữ liệu...
[2025-05-31 00:08:23] [32minfo[39m: ✅ Cơ sở dữ liệu đã được khởi tạo thành công
[2025-05-31 00:08:23] [32minfo[39m: 🚀 Server is running on port 3008
{
  "service": "comments-service"
}
[2025-05-31 00:10:08] [31merror[39m: Lỗi xác thực: Bạn chưa đăng nhập. Vui lòng đăng nhập để tiếp tục.
{
  "statusCode": 401,
  "status": "fail",
  "isOperational": true,
  "stack": "Error: Bạn chưa đăng nhập. Vui lòng đăng nhập để tiếp tục.\n    at authenticate (D:\\HocVietDepPro\\new\\bao-moi-react\\backend\\services\\comments-service\\src\\middlewares\\auth.middleware.ts:43:13)\n    at Layer.handle [as handle_request] (D:\\HocVietDepPro\\new\\bao-moi-react\\backend\\services\\comments-service\\node_modules\\express\\lib\\router\\layer.js:95:5)\n    at trim_prefix (D:\\HocVietDepPro\\new\\bao-moi-react\\backend\\services\\comments-service\\node_modules\\express\\lib\\router\\index.js:328:13)\n    at D:\\HocVietDepPro\\new\\bao-moi-react\\backend\\services\\comments-service\\node_modules\\express\\lib\\router\\index.js:286:9\n    at Function.process_params (D:\\HocVietDepPro\\new\\bao-moi-react\\backend\\services\\comments-service\\node_modules\\express\\lib\\router\\index.js:346:12)\n    at next (D:\\HocVietDepPro\\new\\bao-moi-react\\backend\\services\\comments-service\\node_modules\\express\\lib\\router\\index.js:280:10)\n    at Function.handle (D:\\HocVietDepPro\\new\\bao-moi-react\\backend\\services\\comments-service\\node_modules\\express\\lib\\router\\index.js:175:3)\n    at router (D:\\HocVietDepPro\\new\\bao-moi-react\\backend\\services\\comments-service\\node_modules\\express\\lib\\router\\index.js:47:12)\n    at Layer.handle [as handle_request] (D:\\HocVietDepPro\\new\\bao-moi-react\\backend\\services\\comments-service\\node_modules\\express\\lib\\router\\layer.js:95:5)\n    at trim_prefix (D:\\HocVietDepPro\\new\\bao-moi-react\\backend\\services\\comments-service\\node_modules\\express\\lib\\router\\index.js:328:13)"
}
[2025-05-31 00:10:08] [31merror[39m: [ERROR] Error: Bạn chưa đăng nhập. Vui lòng đăng nhập để tiếp tục.
    at authenticate (D:\HocVietDepPro\new\bao-moi-react\backend\services\comments-service\src\middlewares\auth.middleware.ts:43:13)
    at Layer.handle [as handle_request] (D:\HocVietDepPro\new\bao-moi-react\backend\services\comments-service\node_modules\express\lib\router\layer.js:95:5)
    at trim_prefix (D:\HocVietDepPro\new\bao-moi-react\backend\services\comments-service\node_modules\express\lib\router\index.js:328:13)
    at D:\HocVietDepPro\new\bao-moi-react\backend\services\comments-service\node_modules\express\lib\router\index.js:286:9
    at Function.process_params (D:\HocVietDepPro\new\bao-moi-react\backend\services\comments-service\node_modules\express\lib\router\index.js:346:12)
    at next (D:\HocVietDepPro\new\bao-moi-react\backend\services\comments-service\node_modules\express\lib\router\index.js:280:10)
    at Function.handle (D:\HocVietDepPro\new\bao-moi-react\backend\services\comments-service\node_modules\express\lib\router\index.js:175:3)
    at router (D:\HocVietDepPro\new\bao-moi-react\backend\services\comments-service\node_modules\express\lib\router\index.js:47:12)
    at Layer.handle [as handle_request] (D:\HocVietDepPro\new\bao-moi-react\backend\services\comments-service\node_modules\express\lib\router\layer.js:95:5)
    at trim_prefix (D:\HocVietDepPro\new\bao-moi-react\backend\services\comments-service\node_modules\express\lib\router\index.js:328:13)
[2025-05-31 00:10:08] [32minfo[39m: 127.0.0.1 - - [30/May/2025:17:10:08 +0000] "GET /api/comments HTTP/1.1" 401 101 "-" "PostmanRuntime/7.39.1"
[2025-05-31 00:13:00] [32minfo[39m: Environment variables loaded
{
  "PORT": 3008,
  "DB_HOST": "localhost",
  "DB_PORT": "5432",
  "DB_NAME": "comments_db",
  "DB_USER": "***"
}
[2025-05-31 00:13:00] [32minfo[39m: 🚀 Starting Comments Service...
[2025-05-31 00:13:00] [32minfo[39m: 🔄 Đang khởi tạo cơ sở dữ liệu...
[2025-05-31 00:13:00] [32minfo[39m: ✅ Cơ sở dữ liệu đã được khởi tạo thành công
[2025-05-31 00:13:00] [32minfo[39m: 🚀 Server is running on port 3008
{
  "service": "comments-service"
}
[2025-05-31 00:13:19] [32minfo[39m: Environment variables loaded
{
  "PORT": 3008,
  "DB_HOST": "localhost",
  "DB_PORT": "5432",
  "DB_NAME": "comments_db",
  "DB_USER": "***"
}
[2025-05-31 00:13:19] [32minfo[39m: 🚀 Starting Comments Service...
[2025-05-31 00:13:19] [32minfo[39m: 🔄 Đang khởi tạo cơ sở dữ liệu...
[2025-05-31 00:13:19] [32minfo[39m: ✅ Cơ sở dữ liệu đã được khởi tạo thành công
[2025-05-31 00:13:19] [32minfo[39m: 🚀 Server is running on port 3008
{
  "service": "comments-service"
}
[2025-05-31 00:13:41] [32minfo[39m: Environment variables loaded
{
  "PORT": 3008,
  "DB_HOST": "localhost",
  "DB_PORT": "5432",
  "DB_NAME": "comments_db",
  "DB_USER": "***"
}
[2025-05-31 00:13:41] [32minfo[39m: 🚀 Starting Comments Service...
[2025-05-31 00:13:41] [32minfo[39m: 🔄 Đang khởi tạo cơ sở dữ liệu...
[2025-05-31 00:13:42] [32minfo[39m: ✅ Cơ sở dữ liệu đã được khởi tạo thành công
[2025-05-31 00:13:42] [32minfo[39m: 🚀 Server is running on port 3008
{
  "service": "comments-service"
}
[2025-05-31 00:16:16] [32minfo[39m: Environment variables loaded
{
  "PORT": 3008,
  "DB_HOST": "localhost",
  "DB_PORT": "5432",
  "DB_NAME": "comments_db",
  "DB_USER": "***"
}
[2025-05-31 00:16:16] [32minfo[39m: 🚀 Starting Comments Service...
[2025-05-31 00:16:16] [32minfo[39m: 🔄 Đang khởi tạo cơ sở dữ liệu...
[2025-05-31 00:16:16] [32minfo[39m: ✅ Cơ sở dữ liệu đã được khởi tạo thành công
[2025-05-31 00:16:16] [32minfo[39m: 🚀 Server is running on port 3008
{
  "service": "comments-service"
}
[2025-05-31 00:16:55] [32minfo[39m: Environment variables loaded
{
  "PORT": 3008,
  "DB_HOST": "localhost",
  "DB_PORT": "5432",
  "DB_NAME": "comments_db",
  "DB_USER": "***"
}
[2025-05-31 00:16:55] [32minfo[39m: 🚀 Starting Comments Service...
[2025-05-31 00:16:55] [32minfo[39m: 🔄 Đang khởi tạo cơ sở dữ liệu...
[2025-05-31 00:16:55] [32minfo[39m: ✅ Cơ sở dữ liệu đã được khởi tạo thành công
[2025-05-31 00:16:55] [32minfo[39m: 🚀 Server is running on port 3008
{
  "service": "comments-service"
}
[2025-05-31 00:17:27] [32minfo[39m: Environment variables loaded
{
  "PORT": 3008,
  "DB_HOST": "localhost",
  "DB_PORT": "5432",
  "DB_NAME": "comments_db",
  "DB_USER": "***"
}
[2025-05-31 00:17:27] [32minfo[39m: 🚀 Starting Comments Service...
[2025-05-31 00:17:27] [32minfo[39m: 🔄 Đang khởi tạo cơ sở dữ liệu...
[2025-05-31 00:17:27] [32minfo[39m: ✅ Cơ sở dữ liệu đã được khởi tạo thành công
[2025-05-31 00:17:27] [32minfo[39m: 🚀 Server is running on port 3008
{
  "service": "comments-service"
}
[2025-05-31 00:23:04] [32minfo[39m: 🛑 Shutting down server...
[2025-05-31 00:26:31] [32minfo[39m: Environment variables loaded
{
  "PORT": 3008,
  "DB_HOST": "localhost",
  "DB_PORT": "5432",
  "DB_NAME": "comments_db",
  "DB_USER": "***"
}
[2025-05-31 00:26:31] [32minfo[39m: 🚀 Starting Comments Service...
[2025-05-31 00:26:31] [32minfo[39m: 🔄 Đang khởi tạo cơ sở dữ liệu...
[2025-05-31 00:26:31] [32minfo[39m: ✅ Cơ sở dữ liệu đã được khởi tạo thành công
[2025-05-31 00:26:31] [32minfo[39m: 🚀 Server is running on port 3008
{
  "service": "comments-service"
}
[2025-05-31 00:27:10] [32minfo[39m: 🛑 Shutting down server...
[2025-05-31 00:36:44] [32minfo[39m: Environment variables loaded
{
  "PORT": 3008,
  "DB_HOST": "localhost",
  "DB_PORT": "5432",
  "DB_NAME": "comments_db",
  "DB_USER": "***"
}
[2025-05-31 00:36:44] [32minfo[39m: 🚀 Starting Comments Service...
[2025-05-31 00:36:44] [32minfo[39m: 🔄 Đang khởi tạo cơ sở dữ liệu...
[2025-05-31 00:36:44] [32minfo[39m: ✅ Cơ sở dữ liệu đã được khởi tạo thành công
[2025-05-31 00:36:44] [32minfo[39m: 🚀 Server is running on port 3008
{
  "service": "comments-service"
}
[2025-05-31 09:35:31] [32minfo[39m: Environment variables loaded
{
  "PORT": 3008,
  "DB_HOST": "localhost",
  "DB_PORT": "5432",
  "DB_NAME": "comments_db",
  "DB_USER": "***"
}
[2025-05-31 09:35:31] [32minfo[39m: 🚀 Starting Comments Service...
[2025-05-31 09:35:31] [32minfo[39m: 🔄 Đang khởi tạo cơ sở dữ liệu...
[2025-05-31 09:35:31] [32minfo[39m: ✅ Cơ sở dữ liệu đã được khởi tạo thành công
[2025-05-31 09:35:31] [32minfo[39m: 🚀 Server is running on port 3008
{
  "service": "comments-service"
}
[2025-05-31 09:41:23] [32minfo[39m: Environment variables loaded
{
  "PORT": 3008,
  "DB_HOST": "localhost",
  "DB_PORT": "5432",
  "DB_NAME": "comments_db",
  "DB_USER": "***"
}
[2025-05-31 09:41:23] [32minfo[39m: 🚀 Starting Comments Service...
[2025-05-31 09:41:23] [32minfo[39m: 🔄 Đang khởi tạo cơ sở dữ liệu...
[2025-05-31 09:41:23] [32minfo[39m: ✅ Cơ sở dữ liệu đã được khởi tạo thành công
[2025-05-31 09:41:23] [32minfo[39m: 🚀 Server is running on port 3008
{
  "service": "comments-service"
}
[2025-05-31 09:41:42] [32minfo[39m: Environment variables loaded
{
  "PORT": 3008,
  "DB_HOST": "localhost",
  "DB_PORT": "5432",
  "DB_NAME": "comments_db",
  "DB_USER": "***"
}
[2025-05-31 09:41:42] [32minfo[39m: 🚀 Starting Comments Service...
[2025-05-31 09:41:42] [32minfo[39m: 🔄 Đang khởi tạo cơ sở dữ liệu...
[2025-05-31 09:41:42] [32minfo[39m: ✅ Cơ sở dữ liệu đã được khởi tạo thành công
[2025-05-31 09:41:42] [32minfo[39m: 🚀 Server is running on port 3008
{
  "service": "comments-service"
}
[2025-05-31 10:16:01] [32minfo[39m: Environment variables loaded
{
  "PORT": 3008,
  "DB_HOST": "localhost",
  "DB_PORT": "5432",
  "DB_NAME": "comments_db",
  "DB_USER": "***"
}
[2025-05-31 10:16:01] [32minfo[39m: 🚀 Starting Comments Service...
[2025-05-31 10:16:01] [32minfo[39m: 🔄 Đang khởi tạo cơ sở dữ liệu...
[2025-05-31 10:16:01] [32minfo[39m: ✅ Cơ sở dữ liệu đã được khởi tạo thành công
[2025-05-31 10:16:01] [32minfo[39m: 🚀 Server is running on port 3008
{
  "service": "comments-service"
}
[2025-05-31 10:21:38] [32minfo[39m: Environment variables loaded
{
  "PORT": 3008,
  "DB_HOST": "localhost",
  "DB_PORT": "5432",
  "DB_NAME": "comments_db",
  "DB_USER": "***"
}
[2025-05-31 10:21:38] [32minfo[39m: 🚀 Starting Comments Service...
[2025-05-31 10:21:38] [32minfo[39m: 🔄 Đang khởi tạo cơ sở dữ liệu...
[2025-05-31 10:21:38] [32minfo[39m: ✅ Cơ sở dữ liệu đã được khởi tạo thành công
[2025-05-31 10:21:38] [32minfo[39m: 🚀 Server is running on port 3008
{
  "service": "comments-service"
}
[2025-05-31 10:39:08] [32minfo[39m: 🛑 Shutting down server...
[2025-05-31 10:39:19] [32minfo[39m: Environment variables loaded
{
  "PORT": 3008,
  "DB_HOST": "localhost",
  "DB_PORT": "5432",
  "DB_NAME": "comments_db",
  "DB_USER": "***"
}
[2025-05-31 10:39:19] [32minfo[39m: 🚀 Starting Comments Service...
[2025-05-31 10:39:19] [32minfo[39m: 🔄 Đang khởi tạo cơ sở dữ liệu...
[2025-05-31 10:39:19] [32minfo[39m: ✅ Cơ sở dữ liệu đã được khởi tạo thành công
[2025-05-31 10:39:19] [32minfo[39m: 🚀 Server is running on port 3008
{
  "service": "comments-service"
}
[2025-05-31 11:52:42] [32minfo[39m: Environment variables loaded
{
  "PORT": 3008,
  "DB_HOST": "localhost",
  "DB_PORT": "5432",
  "DB_NAME": "comments_db",
  "DB_USER": "***"
}
[2025-05-31 11:52:42] [32minfo[39m: 🚀 Starting Comments Service...
[2025-05-31 11:52:42] [32minfo[39m: 🔄 Đang khởi tạo cơ sở dữ liệu...
[2025-05-31 11:52:42] [32minfo[39m: ✅ Cơ sở dữ liệu đã được khởi tạo thành công
[2025-05-31 11:52:42] [32minfo[39m: 🚀 Server is running on port 3008
{
  "service": "comments-service"
}
[2025-05-31 12:40:19] [32minfo[39m: Environment variables loaded
{
  "PORT": 3008,
  "DB_HOST": "localhost",
  "DB_PORT": "5432",
  "DB_NAME": "comments_db",
  "DB_USER": "***"
}
[2025-05-31 12:40:19] [32minfo[39m: 🚀 Starting Comments Service...
[2025-05-31 12:40:19] [32minfo[39m: 🔄 Đang khởi tạo cơ sở dữ liệu...
[2025-05-31 12:40:19] [32minfo[39m: ✅ Cơ sở dữ liệu đã được khởi tạo thành công
[2025-05-31 12:40:19] [32minfo[39m: 🚀 Server is running on port 3008
{
  "service": "comments-service"
}
[2025-05-31 12:48:17] [32minfo[39m: 🛑 Shutting down server...
[2025-05-31 12:53:01] [32minfo[39m: Environment variables loaded
{
  "PORT": 3008,
  "DB_HOST": "localhost",
  "DB_PORT": "5432",
  "DB_NAME": "comments_db",
  "DB_USER": "***"
}
[2025-05-31 12:53:01] [32minfo[39m: 🚀 Starting Comments Service...
[2025-05-31 12:53:01] [32minfo[39m: 🔄 Đang khởi tạo cơ sở dữ liệu...
[2025-05-31 12:53:01] [32minfo[39m: ✅ Cơ sở dữ liệu đã được khởi tạo thành công
[2025-05-31 12:53:01] [32minfo[39m: 🚀 Server is running on port 3008
{
  "service": "comments-service"
}
[2025-05-31 13:02:34] [32minfo[39m: 🛑 Shutting down server...
[2025-05-31 13:03:00] [32minfo[39m: Environment variables loaded
{
  "PORT": 3008,
  "DB_HOST": "localhost",
  "DB_PORT": "5432",
  "DB_NAME": "comments_db",
  "DB_USER": "***"
}
[2025-05-31 13:03:00] [32minfo[39m: 🚀 Starting Comments Service...
[2025-05-31 13:03:00] [32minfo[39m: 🔄 Đang khởi tạo cơ sở dữ liệu...
[2025-05-31 13:03:00] [32minfo[39m: ✅ Cơ sở dữ liệu đã được khởi tạo thành công
[2025-05-31 13:03:00] [32minfo[39m: 🚀 Server is running on port 3008
{
  "service": "comments-service"
}
[2025-05-31 13:09:21] [32minfo[39m: Environment variables loaded
{
  "PORT": 3008,
  "DB_HOST": "localhost",
  "DB_PORT": "5432",
  "DB_NAME": "comments_db",
  "DB_USER": "***"
}
[2025-05-31 13:09:21] [32minfo[39m: 🚀 Starting Comments Service...
[2025-05-31 13:09:21] [32minfo[39m: 🔄 Đang khởi tạo cơ sở dữ liệu...
[2025-05-31 13:09:21] [32minfo[39m: ✅ Cơ sở dữ liệu đã được khởi tạo thành công
[2025-05-31 13:09:21] [32minfo[39m: 🚀 Server is running on port 3008
{
  "service": "comments-service"
}
[2025-05-31 23:39:44] [32minfo[39m: Environment variables loaded
{
  "PORT": 3008,
  "DB_HOST": "localhost",
  "DB_PORT": "5432",
  "DB_NAME": "comments_db",
  "DB_USER": "***"
}
[2025-05-31 23:39:44] [32minfo[39m: 🚀 Starting Comments Service...
[2025-05-31 23:39:44] [32minfo[39m: 🔄 Đang khởi tạo cơ sở dữ liệu...
[2025-05-31 23:39:44] [32minfo[39m: ✅ Cơ sở dữ liệu đã được khởi tạo thành công
[2025-05-31 23:39:44] [32minfo[39m: 🚀 Server is running on port 3008
{
  "service": "comments-service"
}
[2025-05-31 23:40:55] [32minfo[39m: 🛑 Shutting down server...
[2025-05-31 23:41:05] [32minfo[39m: Environment variables loaded
{
  "PORT": 3008,
  "DB_HOST": "localhost",
  "DB_PORT": "5432",
  "DB_NAME": "comments_db",
  "DB_USER": "***"
}
[2025-05-31 23:41:05] [32minfo[39m: 🚀 Starting Comments Service...
[2025-05-31 23:41:05] [32minfo[39m: 🔄 Đang khởi tạo cơ sở dữ liệu...
[2025-05-31 23:41:05] [32minfo[39m: ✅ Cơ sở dữ liệu đã được khởi tạo thành công
[2025-05-31 23:41:05] [32minfo[39m: 🚀 Server is running on port 3008
{
  "service": "comments-service"
}
[2025-05-31 23:47:39] [32minfo[39m: 🛑 Shutting down server...
[2025-05-31 23:47:49] [32minfo[39m: Environment variables loaded
{
  "PORT": 3008,
  "DB_HOST": "localhost",
  "DB_PORT": "5432",
  "DB_NAME": "comments_db",
  "DB_USER": "***"
}
[2025-05-31 23:47:49] [32minfo[39m: 🚀 Starting Comments Service...
[2025-05-31 23:47:49] [32minfo[39m: 🔄 Đang khởi tạo cơ sở dữ liệu...
[2025-05-31 23:47:49] [32minfo[39m: ✅ Cơ sở dữ liệu đã được khởi tạo thành công
[2025-05-31 23:47:49] [32minfo[39m: 🚀 Server is running on port 3008
{
  "service": "comments-service"
}
